***********************************************************************************************
***                                                                                         ***
***                                    LINK INFORMATION                                     ***
***                                                                                         ***
***********************************************************************************************

Linker version:

  SEGGER ARM Linker 4.40.0 compiled Sep 26 2024 18:35:09
  Copyright (c) 2017-2024 SEGGER Microcontroller GmbH    www.segger.com


***********************************************************************************************
***                                                                                         ***
***                                     MODULE SUMMARY                                      ***
***                                                                                         ***
***********************************************************************************************

Memory use by input file:

  Object File                                       RX Code     RO Data     RW Data     ZI Data
  ---------------------------------------------  ----------  ----------  ----------  ----------
  main.o                                                360          55                       1
  SEGGER_THUMB_Startup.o                                 20                                    
  STM32L432KC_ADC.o                                     456          21                        
  STM32L432KC_DMA.o                                     440                       9       1 024
  STM32L432KC_FLASH.o                                    32                                    
  STM32L432KC_GPIO.o                                    460                                    
  STM32L432KC_RCC.o                                     160                                    
  STM32L432KC_SPI.o                                     336                                    
  STM32L432KC_TIM6.o                                    180                                    
  stm32l432xx_Vectors.o                                 530                                    
  STM32L4xx_Startup.o                                    64                                    
  system_stm32l4xx.o                                    428          64           4            
  ---------------------------------------------  ----------  ----------  ----------  ----------
  Subtotal (12 objects)                               3 466         140          13       1 025
  ---------------------------------------------  ----------  ----------  ----------  ----------
  libc_v7em_fpv4_sp_d16_hard_t_le_eabi_balanced.a
                                                        144                                    
  prinops_rtt_v7em_fpv4_sp_d16_hard_t_le_eabi_balanced.a
                                                        484          26          12       1 220
  SEGGER_crtinit_v7em_fpv4_sp_d16_hard_t_le_eabi_balanced.a
                                                         74                                    
  strops_unaligned_v7em_fpv4_sp_d16_hard_t_le_eabi_balanced.a
                                                        136                                    
  ---------------------------------------------  ----------  ----------  ----------  ----------
  Subtotal (4 archives)                                 838          26          12       1 220
  ---------------------------------------------  ----------  ----------  ----------  ----------
  Linker created (shared data, fills, blocks):                       80                   2 048
  =============================================  ==========  ==========  ==========  ==========
  Total:                                              4 304         246          25       4 293
  =============================================  ==========  ==========  ==========  ==========

Memory use by archive member:

  Archive member                                    RX Code     RO Data     RW Data     ZI Data
  ---------------------------------------------  ----------  ----------  ----------  ----------
  fileops.o (libc_v7em_fpv4_sp_d16_hard_t_le_eabi_balanced.a)
                                                        144                                    
  prinops_rtt.o (prinops_rtt_v7em_fpv4_sp_d16_hard_t_le_eabi_balanced.a)
                                                         62                      12          12
  SEGGER_crtinit.o (SEGGER_crtinit_v7em_fpv4_sp_d16_hard_t_le_eabi_balanced.a)
                                                         74                                    
  SEGGER_RTT.o (prinops_rtt_v7em_fpv4_sp_d16_hard_t_le_eabi_balanced.a)
                                                        422          26                   1 208
  strasmops_arm.o (strops_unaligned_v7em_fpv4_sp_d16_hard_t_le_eabi_balanced.a)
                                                         92                                    
  strops.o (strops_unaligned_v7em_fpv4_sp_d16_hard_t_le_eabi_balanced.a)
                                                         44                                    
  ---------------------------------------------  ----------  ----------  ----------  ----------
  Subtotal (6 members from 4 archives)                  838          26          12       1 220
  Objects (12 files)                                  3 466         140          13       1 025
  Linker created (shared data, fills, blocks):                       80                   2 048
  =============================================  ==========  ==========  ==========  ==========
  Total:                                              4 304         246          25       4 293
  =============================================  ==========  ==========  ==========  ==========

Memory use by linker:

  Description                                       RX Code     RO Data     RW Data     ZI Data
  ---------------------------------------------  ----------  ----------  ----------  ----------
  Initialization table                                               80                        
  Memory for block 'stack'                                                                2 048
  ---------------------------------------------  ----------  ----------  ----------  ----------
  Subtotal (linker created):                                         80                   2 048
  ---------------------------------------------  ----------  ----------  ----------  ----------
  Objects (12 files)                                  3 466         140          13       1 025
  Archives (4 files)                                    838          26          12       1 220
  =============================================  ==========  ==========  ==========  ==========
  Total:                                              4 304         246          25       4 293
  =============================================  ==========  ==========  ==========  ==========


***********************************************************************************************
***                                                                                         ***
***                                     SECTION DETAIL                                      ***
***                                                                                         ***
***********************************************************************************************

Sections by address:

  Range              Symbol or [section] Name         Size  Al  Init  Ac  Object File
  -----------------  -------------------------  ----------  --  ----  --  -----------
  08000000-0800018b  _vectors                          396  512
                                                                Code  RX  stm32l432xx_Vectors.o
  0800018c-0800019b  AHBPrescTable                      16   4  Cnst  RO  system_stm32l4xx.o
  0800019c-080001cb  MSIRangeTable                      48   4  Cnst  RO  system_stm32l4xx.o
  080001cc-08000223  SystemInit                         88   4  Code  RX  system_stm32l4xx.o
  08000224-08000377  SystemCoreClockUpdate             340   4  Code  RX  system_stm32l4xx.o
  08000378-080004df  main                              360   4  Code  RX  main.o
  080004e0-08000637  initADC                           344   4  Code  RX  STM32L432KC_ADC.o
  08000638-08000667  start_sampling                     48   4  Code  RX  STM32L432KC_ADC.o
  08000668-080006a7  stop_sampling                      64   4  Code  RX  STM32L432KC_ADC.o
  080006a8-080006db  __NVIC_EnableIRQ                   52   4  Code  RX  STM32L432KC_DMA.o
  080006dc-0800072b  __NVIC_SetPriority                 80   4  Code  RX  STM32L432KC_DMA.o
  0800072c-080007ab  initADC_DMA                       128   4  Code  RX  STM32L432KC_DMA.o
  080007ac-0800085f  DMA1_Channel1_IRQHandler          180   4  Code  RX  STM32L432KC_DMA.o
  08000860-0800087f  configureFlash                     32   4  Code  RX  STM32L432KC_FLASH.o
  08000880-080008c7  gpioPortToBase                     72   4  Code  RX  STM32L432KC_GPIO.o
  080008c8-0800098f  pinMode                           200   4  Code  RX  STM32L432KC_GPIO.o
  08000990-08000a03  configurePLL                      116   4  Code  RX  STM32L432KC_RCC.o
  08000a04-08000a2f  configureClock                     44   4  Code  RX  STM32L432KC_RCC.o
  08000a30-08000b3f  initSPI                           272   4  Code  RX  STM32L432KC_SPI.o
  08000b40-08000b7f  spiSendReceive                     64   4  Code  RX  STM32L432KC_SPI.o
  08000b80-08000bcf  initTIM6                           80   4  Code  RX  STM32L432KC_TIM6.o
  08000bd0-08000c33  delay                             100   4  Code  RX  STM32L432KC_TIM6.o
  08000c34-08000c47  _start                             20   4  Code  RX  SEGGER_THUMB_Startup.o
  08000c48-08000c6f  HardFault_Handler                  40   4  Code  RX  STM32L4xx_Startup.o
  08000c70-08000ccb  memcpy                             92   4  Code  RX  strasmops_arm.o (strops_unaligned_v7em_fpv4_sp_d16_hard_t_le_eabi_balanced.a)
  08000ccc-08000d02  [.rodata]                          55   4  Cnst  RO  main.o
  08000d03-08000d13  _DoInit._aInitStr                  17   1  Cnst  RO  SEGGER_RTT.o (prinops_rtt_v7em_fpv4_sp_d16_hard_t_le_eabi_balanced.a)
  08000d14-08000d28  [.rodata]                          21   4  Cnst  RO  STM32L432KC_ADC.o
  08000d29-08000d31  [.rodata.libc..L.str]               9   1  Cnst  RO  SEGGER_RTT.o (prinops_rtt_v7em_fpv4_sp_d16_hard_t_le_eabi_balanced.a)
  08000d32-08000d3f  gpioPinToPort                      14   2  Code  RX  STM32L432KC_GPIO.o
  08000d40-08000d5d  gpioPinToBase                      30   2  Code  RX  STM32L432KC_GPIO.o
  08000d5e-08000d5f  NMI_Handler                         2   2  Code  RX  stm32l432xx_Vectors.o
  08000d60-08000d61  MemManage_Handler                   2   2  Code  RX  stm32l432xx_Vectors.o
  08000d62-08000d63  BusFault_Handler                    2   2  Code  RX  stm32l432xx_Vectors.o
  08000d64-08000d65  UsageFault_Handler                  2   2  Code  RX  stm32l432xx_Vectors.o
  08000d66-08000d67  SVC_Handler                         2   2  Code  RX  stm32l432xx_Vectors.o
  08000d68-08000d69  DebugMon_Handler                    2   2  Code  RX  stm32l432xx_Vectors.o
  08000d6a-08000d6b  PendSV_Handler                      2   2  Code  RX  stm32l432xx_Vectors.o
  08000d6c-08000d6d  SysTick_Handler                     2   2  Code  RX  stm32l432xx_Vectors.o
  08000d6e-08000d6f  WWDG_IRQHandler                     2   2  Code  RX  stm32l432xx_Vectors.o
  08000d70-08000d71  PVD_PVM_IRQHandler                  2   2  Code  RX  stm32l432xx_Vectors.o
  08000d72-08000d73  TAMP_STAMP_IRQHandler               2   2  Code  RX  stm32l432xx_Vectors.o
  08000d74-08000d75  RTC_WKUP_IRQHandler                 2   2  Code  RX  stm32l432xx_Vectors.o
  08000d76-08000d77  FLASH_IRQHandler                    2   2  Code  RX  stm32l432xx_Vectors.o
  08000d78-08000d79  RCC_IRQHandler                      2   2  Code  RX  stm32l432xx_Vectors.o
  08000d7a-08000d7b  EXTI0_IRQHandler                    2   2  Code  RX  stm32l432xx_Vectors.o
  08000d7c-08000d7d  EXTI1_IRQHandler                    2   2  Code  RX  stm32l432xx_Vectors.o
  08000d7e-08000d7f  EXTI2_IRQHandler                    2   2  Code  RX  stm32l432xx_Vectors.o
  08000d80-08000d81  EXTI3_IRQHandler                    2   2  Code  RX  stm32l432xx_Vectors.o
  08000d82-08000d83  EXTI4_IRQHandler                    2   2  Code  RX  stm32l432xx_Vectors.o
  08000d84-08000d85  DMA1_Channel2_IRQHandler            2   2  Code  RX  stm32l432xx_Vectors.o
  08000d86-08000d87  DMA1_Channel3_IRQHandler            2   2  Code  RX  stm32l432xx_Vectors.o
  08000d88-08000d89  DMA1_Channel4_IRQHandler            2   2  Code  RX  stm32l432xx_Vectors.o
  08000d8a-08000d8b  DMA1_Channel5_IRQHandler            2   2  Code  RX  stm32l432xx_Vectors.o
  08000d8c-08000d8d  DMA1_Channel6_IRQHandler            2   2  Code  RX  stm32l432xx_Vectors.o
  08000d8e-08000d8f  DMA1_Channel7_IRQHandler            2   2  Code  RX  stm32l432xx_Vectors.o
  08000d90-08000d91  ADC1_IRQHandler                     2   2  Code  RX  stm32l432xx_Vectors.o
  08000d92-08000d93  CAN1_TX_IRQHandler                  2   2  Code  RX  stm32l432xx_Vectors.o
  08000d94-08000d95  CAN1_RX0_IRQHandler                 2   2  Code  RX  stm32l432xx_Vectors.o
  08000d96-08000d97  CAN1_RX1_IRQHandler                 2   2  Code  RX  stm32l432xx_Vectors.o
  08000d98-08000d99  CAN1_SCE_IRQHandler                 2   2  Code  RX  stm32l432xx_Vectors.o
  08000d9a-08000d9b  EXTI9_5_IRQHandler                  2   2  Code  RX  stm32l432xx_Vectors.o
  08000d9c-08000d9d  TIM1_BRK_TIM15_IRQHandler           2   2  Code  RX  stm32l432xx_Vectors.o
  08000d9e-08000d9f  TIM1_UP_TIM16_IRQHandler            2   2  Code  RX  stm32l432xx_Vectors.o
  08000da0-08000da1  TIM1_TRG_COM_IRQHandler             2   2  Code  RX  stm32l432xx_Vectors.o
  08000da2-08000da3  TIM1_CC_IRQHandler                  2   2  Code  RX  stm32l432xx_Vectors.o
  08000da4-08000da5  TIM2_IRQHandler                     2   2  Code  RX  stm32l432xx_Vectors.o
  08000da6-08000da7  I2C1_EV_IRQHandler                  2   2  Code  RX  stm32l432xx_Vectors.o
  08000da8-08000da9  I2C1_ER_IRQHandler                  2   2  Code  RX  stm32l432xx_Vectors.o
  08000daa-08000dab  SPI1_IRQHandler                     2   2  Code  RX  stm32l432xx_Vectors.o
  08000dac-08000dad  USART1_IRQHandler                   2   2  Code  RX  stm32l432xx_Vectors.o
  08000dae-08000daf  USART2_IRQHandler                   2   2  Code  RX  stm32l432xx_Vectors.o
  08000db0-08000db1  EXTI15_10_IRQHandler                2   2  Code  RX  stm32l432xx_Vectors.o
  08000db2-08000db3  RTC_Alarm_IRQHandler                2   2  Code  RX  stm32l432xx_Vectors.o
  08000db4-08000db5  SPI3_IRQHandler                     2   2  Code  RX  stm32l432xx_Vectors.o
  08000db6-08000db7  TIM6_DAC_IRQHandler                 2   2  Code  RX  stm32l432xx_Vectors.o
  08000db8-08000db9  TIM7_IRQHandler                     2   2  Code  RX  stm32l432xx_Vectors.o
  08000dba-08000dbb  DMA2_Channel1_IRQHandler            2   2  Code  RX  stm32l432xx_Vectors.o
  08000dbc-08000dbd  DMA2_Channel2_IRQHandler            2   2  Code  RX  stm32l432xx_Vectors.o
  08000dbe-08000dbf  DMA2_Channel3_IRQHandler            2   2  Code  RX  stm32l432xx_Vectors.o
  08000dc0-08000dc1  DMA2_Channel4_IRQHandler            2   2  Code  RX  stm32l432xx_Vectors.o
  08000dc2-08000dc3  DMA2_Channel5_IRQHandler            2   2  Code  RX  stm32l432xx_Vectors.o
  08000dc4-08000dc5  COMP_IRQHandler                     2   2  Code  RX  stm32l432xx_Vectors.o
  08000dc6-08000dc7  LPTIM1_IRQHandler                   2   2  Code  RX  stm32l432xx_Vectors.o
  08000dc8-08000dc9  LPTIM2_IRQHandler                   2   2  Code  RX  stm32l432xx_Vectors.o
  08000dca-08000dcb  USB_IRQHandler                      2   2  Code  RX  stm32l432xx_Vectors.o
  08000dcc-08000dcd  DMA2_Channel6_IRQHandler            2   2  Code  RX  stm32l432xx_Vectors.o
  08000dce-08000dcf  DMA2_Channel7_IRQHandler            2   2  Code  RX  stm32l432xx_Vectors.o
  08000dd0-08000dd1  LPUART1_IRQHandler                  2   2  Code  RX  stm32l432xx_Vectors.o
  08000dd2-08000dd3  QUADSPI_IRQHandler                  2   2  Code  RX  stm32l432xx_Vectors.o
  08000dd4-08000dd5  I2C3_EV_IRQHandler                  2   2  Code  RX  stm32l432xx_Vectors.o
  08000dd6-08000dd7  I2C3_ER_IRQHandler                  2   2  Code  RX  stm32l432xx_Vectors.o
  08000dd8-08000dd9  SAI1_IRQHandler                     2   2  Code  RX  stm32l432xx_Vectors.o
  08000dda-08000ddb  SWPMI1_IRQHandler                   2   2  Code  RX  stm32l432xx_Vectors.o
  08000ddc-08000ddd  TSC_IRQHandler                      2   2  Code  RX  stm32l432xx_Vectors.o
  08000dde-08000ddf  RNG_IRQHandler                      2   2  Code  RX  stm32l432xx_Vectors.o
  08000de0-08000de1  FPU_IRQHandler                      2   2  Code  RX  stm32l432xx_Vectors.o
  08000de2-08000de3  CRS_IRQHandler                      2   2  Code  RX  stm32l432xx_Vectors.o
  08000de4-08000df1  putchar                            14   2  Code  RX  fileops.o (libc_v7em_fpv4_sp_d16_hard_t_le_eabi_balanced.a)
  08000df2-08000e13  fputc                              34   2  Code  RX  fileops.o (libc_v7em_fpv4_sp_d16_hard_t_le_eabi_balanced.a)
  08000e14-08000e45  puts                               50   2  Code  RX  fileops.o (libc_v7em_fpv4_sp_d16_hard_t_le_eabi_balanced.a)
  08000e46-08000e73  fwrite                             46   2  Code  RX  fileops.o (libc_v7em_fpv4_sp_d16_hard_t_le_eabi_balanced.a)
  08000e74-08000e79  __SEGGER_RTL_X_file_write           6   2  Code  RX  prinops_rtt.o (prinops_rtt_v7em_fpv4_sp_d16_hard_t_le_eabi_balanced.a)
  08000e7a-08000edf  _DoInit                           102   2  Code  RX  SEGGER_RTT.o (prinops_rtt_v7em_fpv4_sp_d16_hard_t_le_eabi_balanced.a)
  08000ee0-08000ef5  _GetAvailWriteSpace                22   2  Code  RX  SEGGER_RTT.o (prinops_rtt_v7em_fpv4_sp_d16_hard_t_le_eabi_balanced.a)
  08000ef6-08000f4b  _WriteBlocking                     86   2  Code  RX  SEGGER_RTT.o (prinops_rtt_v7em_fpv4_sp_d16_hard_t_le_eabi_balanced.a)
  08000f4c-08000fa5  SEGGER_RTT_WriteNoLock             90   2  Code  RX  SEGGER_RTT.o (prinops_rtt_v7em_fpv4_sp_d16_hard_t_le_eabi_balanced.a)
  08000fa6-08000fdb  SEGGER_RTT_Write                   54   2  Code  RX  SEGGER_RTT.o (prinops_rtt_v7em_fpv4_sp_d16_hard_t_le_eabi_balanced.a)
  08000fdc-08000feb  gpioPinOffset                      16   2  Code  RX  STM32L432KC_GPIO.o
  08000fec-08001017  digitalRead                        44   2  Code  RX  STM32L432KC_GPIO.o
  08001018-0800106b  digitalWrite                       84   2  Code  RX  STM32L432KC_GPIO.o
  0800106c-08001083  reset_handler                      24   2  Code  RX  STM32L4xx_Startup.o
  08001084-080010bb  __SEGGER_RTL_X_file_stat           56   2  Code  RX  prinops_rtt.o (prinops_rtt_v7em_fpv4_sp_d16_hard_t_le_eabi_balanced.a)
  080010bc-080010ff  _WriteNoCheck                      68   2  Code  RX  SEGGER_RTT.o (prinops_rtt_v7em_fpv4_sp_d16_hard_t_le_eabi_balanced.a)
  08001100-0800112b  strlen                             44   2  Code  RX  strops.o (strops_unaligned_v7em_fpv4_sp_d16_hard_t_le_eabi_balanced.a)
  0800112c-0800112f  [.init_array]                       4   4  ----  --  STM32L4xx_Startup.o
  08001130-08001153  __SEGGER_init_ctors                36   4  Code  RX  SEGGER_crtinit.o (SEGGER_crtinit_v7em_fpv4_sp_d16_hard_t_le_eabi_balanced.a)
  08001154-08001187  __SEGGER_init_table__              52   4  Cnst  RO  [ Linker created ]
  08001188-080011a3  __SEGGER_init_data__               28   4  Cnst  RO  [ Linker created ]
  080011a4-080011b5  __SEGGER_init_zero                 18   2  Code  RX  SEGGER_crtinit.o (SEGGER_crtinit_v7em_fpv4_sp_d16_hard_t_le_eabi_balanced.a)
  080011b6-080011c9  __SEGGER_init_copy                 20   2  Code  RX  SEGGER_crtinit.o (SEGGER_crtinit_v7em_fpv4_sp_d16_hard_t_le_eabi_balanced.a)
  080011ca-0fffffff  ( UNUSED .=.+134213174 )   134 213 174
                                                             -  ----  -   -
  10000000-100001ff  spiBuf                            512   4  Zero  ZI  STM32L432KC_DMA.o
  10000200-100003ff  adcBuf                            512   4  Zero  ZI  STM32L432KC_DMA.o
  10000400-100004a7  _SEGGER_RTT                       168   4  Zero  ZI  SEGGER_RTT.o (prinops_rtt_v7em_fpv4_sp_d16_hard_t_le_eabi_balanced.a)
  100004a8-100004ab  __SEGGER_RTL_stdout_file            4   4  Zero  ZI  prinops_rtt.o (prinops_rtt_v7em_fpv4_sp_d16_hard_t_le_eabi_balanced.a)
  100004ac-100004af  __SEGGER_RTL_stdin_file             4   4  Zero  ZI  prinops_rtt.o (prinops_rtt_v7em_fpv4_sp_d16_hard_t_le_eabi_balanced.a)
  100004b0-100004b3  __SEGGER_RTL_stderr_file            4   4  Zero  ZI  prinops_rtt.o (prinops_rtt_v7em_fpv4_sp_d16_hard_t_le_eabi_balanced.a)
  100004b4-100008b3  _acUpBuffer                     1 024   1  Zero  ZI  SEGGER_RTT.o (prinops_rtt_v7em_fpv4_sp_d16_hard_t_le_eabi_balanced.a)
  100008b4-100008c3  _acDownBuffer                      16   1  Zero  ZI  SEGGER_RTT.o (prinops_rtt_v7em_fpv4_sp_d16_hard_t_le_eabi_balanced.a)
  100008c4-100008c4  sampling                            1   1  Zero  ZI  main.o
  100008c5-100008c5  SPIReady                            1   1  Init  RW  STM32L432KC_DMA.o
  100008c6-100008c7  ( UNUSED .=.+2 )                    2   -  ----  -   -
  100008c8-100008cb  stdout                              4   4  Init  RW  prinops_rtt.o (prinops_rtt_v7em_fpv4_sp_d16_hard_t_le_eabi_balanced.a)
  100008cc-100008cf  stdin                               4   4  Init  RW  prinops_rtt.o (prinops_rtt_v7em_fpv4_sp_d16_hard_t_le_eabi_balanced.a)
  100008d0-100008d3  stderr                              4   4  Init  RW  prinops_rtt.o (prinops_rtt_v7em_fpv4_sp_d16_hard_t_le_eabi_balanced.a)
  100008d4-100008d7  SystemCoreClock                     4   4  Init  RW  system_stm32l4xx.o
  100008d8-100008db  SPIptr                              4   4  Init  RW  STM32L432KC_DMA.o
  100008dc-100008df  ADCptr                              4   4  Init  RW  STM32L432KC_DMA.o
  100008e0-2000b7ff  ( UNUSED .=.+268480288 )   268 480 288
                                                             -  ----  -   -
  2000b800-2000bfff  [.bss.block.stack]              2 048   8  None  ZI  [ Linker created ]


***********************************************************************************************
***                                                                                         ***
***                                       SYMBOL LIST                                       ***
***                                                                                         ***
***********************************************************************************************

Function symbols by name:

  Symbol name                   Address        Size  Align  Type  Bd  Object File
  -------------------------  ----------  ----------  -----  ----  --  -----------
  ADC1_IRQHandler            0x08000D91                  2  Code  Wk  stm32l432xx_Vectors.o
  BusFault_Handler           0x08000D63                  2  Code  Wk  stm32l432xx_Vectors.o
  CAN1_RX0_IRQHandler        0x08000D95                  2  Code  Wk  stm32l432xx_Vectors.o
  CAN1_RX1_IRQHandler        0x08000D97                  2  Code  Wk  stm32l432xx_Vectors.o
  CAN1_SCE_IRQHandler        0x08000D99                  2  Code  Wk  stm32l432xx_Vectors.o
  CAN1_TX_IRQHandler         0x08000D93                  2  Code  Wk  stm32l432xx_Vectors.o
  COMP_IRQHandler            0x08000DC5                  2  Code  Wk  stm32l432xx_Vectors.o
  CRS_IRQHandler             0x08000DE3                  2  Code  Wk  stm32l432xx_Vectors.o
  DMA1_Channel1_IRQHandler   0x080007AD         180      4  Code  Gb  STM32L432KC_DMA.o
  DMA1_Channel2_IRQHandler   0x08000D85                  2  Code  Wk  stm32l432xx_Vectors.o
  DMA1_Channel3_IRQHandler   0x08000D87                  2  Code  Wk  stm32l432xx_Vectors.o
  DMA1_Channel4_IRQHandler   0x08000D89                  2  Code  Wk  stm32l432xx_Vectors.o
  DMA1_Channel5_IRQHandler   0x08000D8B                  2  Code  Wk  stm32l432xx_Vectors.o
  DMA1_Channel6_IRQHandler   0x08000D8D                  2  Code  Wk  stm32l432xx_Vectors.o
  DMA1_Channel7_IRQHandler   0x08000D8F                  2  Code  Wk  stm32l432xx_Vectors.o
  DMA2_Channel1_IRQHandler   0x08000DBB                  2  Code  Wk  stm32l432xx_Vectors.o
  DMA2_Channel2_IRQHandler   0x08000DBD                  2  Code  Wk  stm32l432xx_Vectors.o
  DMA2_Channel3_IRQHandler   0x08000DBF                  2  Code  Wk  stm32l432xx_Vectors.o
  DMA2_Channel4_IRQHandler   0x08000DC1                  2  Code  Wk  stm32l432xx_Vectors.o
  DMA2_Channel5_IRQHandler   0x08000DC3                  2  Code  Wk  stm32l432xx_Vectors.o
  DMA2_Channel6_IRQHandler   0x08000DCD                  2  Code  Wk  stm32l432xx_Vectors.o
  DMA2_Channel7_IRQHandler   0x08000DCF                  2  Code  Wk  stm32l432xx_Vectors.o
  DebugMon_Handler           0x08000D69                  2  Code  Wk  stm32l432xx_Vectors.o
  EXTI0_IRQHandler           0x08000D7B                  2  Code  Wk  stm32l432xx_Vectors.o
  EXTI15_10_IRQHandler       0x08000DB1                  2  Code  Wk  stm32l432xx_Vectors.o
  EXTI1_IRQHandler           0x08000D7D                  2  Code  Wk  stm32l432xx_Vectors.o
  EXTI2_IRQHandler           0x08000D7F                  2  Code  Wk  stm32l432xx_Vectors.o
  EXTI3_IRQHandler           0x08000D81                  2  Code  Wk  stm32l432xx_Vectors.o
  EXTI4_IRQHandler           0x08000D83                  2  Code  Wk  stm32l432xx_Vectors.o
  EXTI9_5_IRQHandler         0x08000D9B                  2  Code  Wk  stm32l432xx_Vectors.o
  FLASH_IRQHandler           0x08000D77                  2  Code  Wk  stm32l432xx_Vectors.o
  FPU_IRQHandler             0x08000DE1                  2  Code  Wk  stm32l432xx_Vectors.o
  HardFault_Handler          0x08000C49                  4  Code  Wk  STM32L4xx_Startup.o
  I2C1_ER_IRQHandler         0x08000DA9                  2  Code  Wk  stm32l432xx_Vectors.o
  I2C1_EV_IRQHandler         0x08000DA7                  2  Code  Wk  stm32l432xx_Vectors.o
  I2C3_ER_IRQHandler         0x08000DD7                  2  Code  Wk  stm32l432xx_Vectors.o
  I2C3_EV_IRQHandler         0x08000DD5                  2  Code  Wk  stm32l432xx_Vectors.o
  LPTIM1_IRQHandler          0x08000DC7                  2  Code  Wk  stm32l432xx_Vectors.o
  LPTIM2_IRQHandler          0x08000DC9                  2  Code  Wk  stm32l432xx_Vectors.o
  LPUART1_IRQHandler         0x08000DD1                  2  Code  Wk  stm32l432xx_Vectors.o
  MemManage_Handler          0x08000D61                  2  Code  Wk  stm32l432xx_Vectors.o
  NMI_Handler                0x08000D5F                  2  Code  Wk  stm32l432xx_Vectors.o
  PVD_PVM_IRQHandler         0x08000D71                  2  Code  Wk  stm32l432xx_Vectors.o
  PendSV_Handler             0x08000D6B                  2  Code  Wk  stm32l432xx_Vectors.o
  QUADSPI_IRQHandler         0x08000DD3                  2  Code  Wk  stm32l432xx_Vectors.o
  RCC_IRQHandler             0x08000D79                  2  Code  Wk  stm32l432xx_Vectors.o
  RNG_IRQHandler             0x08000DDF                  2  Code  Wk  stm32l432xx_Vectors.o
  RTC_Alarm_IRQHandler       0x08000DB3                  2  Code  Wk  stm32l432xx_Vectors.o
  RTC_WKUP_IRQHandler        0x08000D75                  2  Code  Wk  stm32l432xx_Vectors.o
  Reset_Handler              0x0800106D                  2  Code  Gb  STM32L4xx_Startup.o
  SAI1_IRQHandler            0x08000DD9                  2  Code  Wk  stm32l432xx_Vectors.o
  SEGGER_RTT_Write           0x08000FA7          54      2  Code  Gb  SEGGER_RTT.o (prinops_rtt_v7em_fpv4_sp_d16_hard_t_le_eabi_balanced.a)
  SEGGER_RTT_WriteNoLock     0x08000F4D          90      2  Code  Gb  SEGGER_RTT.o (prinops_rtt_v7em_fpv4_sp_d16_hard_t_le_eabi_balanced.a)
  SPI1_IRQHandler            0x08000DAB                  2  Code  Wk  stm32l432xx_Vectors.o
  SPI3_IRQHandler            0x08000DB5                  2  Code  Wk  stm32l432xx_Vectors.o
  SVC_Handler                0x08000D67                  2  Code  Wk  stm32l432xx_Vectors.o
  SWPMI1_IRQHandler          0x08000DDB                  2  Code  Wk  stm32l432xx_Vectors.o
  SysTick_Handler            0x08000D6D                  2  Code  Wk  stm32l432xx_Vectors.o
  SystemCoreClockUpdate      0x08000225         340      4  Code  Gb  system_stm32l4xx.o
  SystemInit                 0x080001CD          88      4  Code  Gb  system_stm32l4xx.o
  TAMP_STAMP_IRQHandler      0x08000D73                  2  Code  Wk  stm32l432xx_Vectors.o
  TIM1_BRK_TIM15_IRQHandler  0x08000D9D                  2  Code  Wk  stm32l432xx_Vectors.o
  TIM1_CC_IRQHandler         0x08000DA3                  2  Code  Wk  stm32l432xx_Vectors.o
  TIM1_TRG_COM_IRQHandler    0x08000DA1                  2  Code  Wk  stm32l432xx_Vectors.o
  TIM1_UP_TIM16_IRQHandler   0x08000D9F                  2  Code  Wk  stm32l432xx_Vectors.o
  TIM2_IRQHandler            0x08000DA5                  2  Code  Wk  stm32l432xx_Vectors.o
  TIM6_DAC_IRQHandler        0x08000DB7                  2  Code  Wk  stm32l432xx_Vectors.o
  TIM7_IRQHandler            0x08000DB9                  2  Code  Wk  stm32l432xx_Vectors.o
  TSC_IRQHandler             0x08000DDD                  2  Code  Wk  stm32l432xx_Vectors.o
  USART1_IRQHandler          0x08000DAD                  2  Code  Wk  stm32l432xx_Vectors.o
  USART2_IRQHandler          0x08000DAF                  2  Code  Wk  stm32l432xx_Vectors.o
  USB_IRQHandler             0x08000DCB                  2  Code  Wk  stm32l432xx_Vectors.o
  UsageFault_Handler         0x08000D65                  2  Code  Wk  stm32l432xx_Vectors.o
  WWDG_IRQHandler            0x08000D6F                  2  Code  Wk  stm32l432xx_Vectors.o
  _DoInit                    0x08000E7B         102      2  Code  Lc  SEGGER_RTT.o (prinops_rtt_v7em_fpv4_sp_d16_hard_t_le_eabi_balanced.a)
  _GetAvailWriteSpace        0x08000EE1          22      2  Code  Lc  SEGGER_RTT.o (prinops_rtt_v7em_fpv4_sp_d16_hard_t_le_eabi_balanced.a)
  _WriteBlocking             0x08000EF7          86      2  Code  Lc  SEGGER_RTT.o (prinops_rtt_v7em_fpv4_sp_d16_hard_t_le_eabi_balanced.a)
  _WriteNoCheck              0x080010BD          68      2  Code  Lc  SEGGER_RTT.o (prinops_rtt_v7em_fpv4_sp_d16_hard_t_le_eabi_balanced.a)
  __NVIC_EnableIRQ           0x080006A9          52      4  Code  Lc  STM32L432KC_DMA.o
  __NVIC_SetPriority         0x080006DD          80      4  Code  Lc  STM32L432KC_DMA.o
  __SEGGER_RTL_X_file_stat   0x08001085          56      2  Code  Gb  prinops_rtt.o (prinops_rtt_v7em_fpv4_sp_d16_hard_t_le_eabi_balanced.a)
  __SEGGER_RTL_X_file_write  0x08000E75           6      2  Code  Gb  prinops_rtt.o (prinops_rtt_v7em_fpv4_sp_d16_hard_t_le_eabi_balanced.a)
  __SEGGER_init_copy         0x080011B7          20      2  Code  Wk  SEGGER_crtinit.o (SEGGER_crtinit_v7em_fpv4_sp_d16_hard_t_le_eabi_balanced.a)
  __SEGGER_init_ctors        0x08001131          26      4  Code  Wk  SEGGER_crtinit.o (SEGGER_crtinit_v7em_fpv4_sp_d16_hard_t_le_eabi_balanced.a)
  __SEGGER_init_done         0x08000C3F                  4  Code  Gb  SEGGER_THUMB_Startup.o
  __SEGGER_init_zero         0x080011A5          18      2  Code  Wk  SEGGER_crtinit.o (SEGGER_crtinit_v7em_fpv4_sp_d16_hard_t_le_eabi_balanced.a)
  __aeabi_memcpy             0x08000C71                  4  Code  Wk  strasmops_arm.o (strops_unaligned_v7em_fpv4_sp_d16_hard_t_le_eabi_balanced.a)
  __aeabi_memcpy4            0x08000C8F                  4  Code  Wk  strasmops_arm.o (strops_unaligned_v7em_fpv4_sp_d16_hard_t_le_eabi_balanced.a)
  __aeabi_memcpy8            0x08000C8F                  4  Code  Wk  strasmops_arm.o (strops_unaligned_v7em_fpv4_sp_d16_hard_t_le_eabi_balanced.a)
  __startup_complete         0x08000C3F                  4  Code  Gb  SEGGER_THUMB_Startup.o
  _start                     0x08000C35          14      4  Code  Gb  SEGGER_THUMB_Startup.o
  configureClock             0x08000A05          44      4  Code  Gb  STM32L432KC_RCC.o
  configureFlash             0x08000861          32      4  Code  Gb  STM32L432KC_FLASH.o
  configurePLL               0x08000991         116      4  Code  Gb  STM32L432KC_RCC.o
  delay                      0x08000BD1         100      4  Code  Gb  STM32L432KC_TIM6.o
  digitalRead                0x08000FED          44      2  Code  Gb  STM32L432KC_GPIO.o
  digitalWrite               0x08001019          84      2  Code  Gb  STM32L432KC_GPIO.o
  exit                       0x08000C43           2      4  Code  Gb  SEGGER_THUMB_Startup.o
  fputc                      0x08000DF3          34      2  Code  Wk  fileops.o (libc_v7em_fpv4_sp_d16_hard_t_le_eabi_balanced.a)
  fwrite                     0x08000E47          46      2  Code  Wk  fileops.o (libc_v7em_fpv4_sp_d16_hard_t_le_eabi_balanced.a)
  gpioPinOffset              0x08000FDD          16      2  Code  Gb  STM32L432KC_GPIO.o
  gpioPinToBase              0x08000D41          30      2  Code  Gb  STM32L432KC_GPIO.o
  gpioPinToPort              0x08000D33          14      2  Code  Gb  STM32L432KC_GPIO.o
  gpioPortToBase             0x08000881          72      4  Code  Gb  STM32L432KC_GPIO.o
  initADC                    0x080004E1         344      4  Code  Gb  STM32L432KC_ADC.o
  initADC_DMA                0x0800072D         128      4  Code  Gb  STM32L432KC_DMA.o
  initSPI                    0x08000A31         272      4  Code  Gb  STM32L432KC_SPI.o
  initTIM6                   0x08000B81          80      4  Code  Gb  STM32L432KC_TIM6.o
  main                       0x08000379         360      4  Code  Gb  main.o
  memcpy                     0x08000C71          92      4  Code  Wk  strasmops_arm.o (strops_unaligned_v7em_fpv4_sp_d16_hard_t_le_eabi_balanced.a)
  pinMode                    0x080008C9         198      4  Code  Gb  STM32L432KC_GPIO.o
  putchar                    0x08000DE5          14      2  Code  Wk  fileops.o (libc_v7em_fpv4_sp_d16_hard_t_le_eabi_balanced.a)
  puts                       0x08000E15          50      2  Code  Wk  fileops.o (libc_v7em_fpv4_sp_d16_hard_t_le_eabi_balanced.a)
  reset_handler              0x0800106D                  2  Code  Gb  STM32L4xx_Startup.o
  spiSendReceive             0x08000B41          64      4  Code  Gb  STM32L432KC_SPI.o
  start_sampling             0x08000639          48      4  Code  Gb  STM32L432KC_ADC.o
  stop_sampling              0x08000669          64      4  Code  Gb  STM32L432KC_ADC.o
  strlen                     0x08001101          44      2  Code  Wk  strops.o (strops_unaligned_v7em_fpv4_sp_d16_hard_t_le_eabi_balanced.a)

Function symbols by address:

     Address  Symbol name                      Size  Align  Type  Bd  Object File
  ----------  -------------------------  ----------  -----  ----  --  -----------
  0x080001CD  SystemInit                         88      4  Code  Gb  system_stm32l4xx.o
  0x08000225  SystemCoreClockUpdate             340      4  Code  Gb  system_stm32l4xx.o
  0x08000379  main                              360      4  Code  Gb  main.o
  0x080004E1  initADC                           344      4  Code  Gb  STM32L432KC_ADC.o
  0x08000639  start_sampling                     48      4  Code  Gb  STM32L432KC_ADC.o
  0x08000669  stop_sampling                      64      4  Code  Gb  STM32L432KC_ADC.o
  0x080006A9  __NVIC_EnableIRQ                   52      4  Code  Lc  STM32L432KC_DMA.o
  0x080006DD  __NVIC_SetPriority                 80      4  Code  Lc  STM32L432KC_DMA.o
  0x0800072D  initADC_DMA                       128      4  Code  Gb  STM32L432KC_DMA.o
  0x080007AD  DMA1_Channel1_IRQHandler          180      4  Code  Gb  STM32L432KC_DMA.o
  0x08000861  configureFlash                     32      4  Code  Gb  STM32L432KC_FLASH.o
  0x08000881  gpioPortToBase                     72      4  Code  Gb  STM32L432KC_GPIO.o
  0x080008C9  pinMode                           198      4  Code  Gb  STM32L432KC_GPIO.o
  0x08000991  configurePLL                      116      4  Code  Gb  STM32L432KC_RCC.o
  0x08000A05  configureClock                     44      4  Code  Gb  STM32L432KC_RCC.o
  0x08000A31  initSPI                           272      4  Code  Gb  STM32L432KC_SPI.o
  0x08000B41  spiSendReceive                     64      4  Code  Gb  STM32L432KC_SPI.o
  0x08000B81  initTIM6                           80      4  Code  Gb  STM32L432KC_TIM6.o
  0x08000BD1  delay                             100      4  Code  Gb  STM32L432KC_TIM6.o
  0x08000C35  _start                             14      4  Code  Gb  SEGGER_THUMB_Startup.o
  0x08000C3F  __startup_complete                         4  Code  Gb  SEGGER_THUMB_Startup.o
  0x08000C3F  __SEGGER_init_done                         4  Code  Gb  SEGGER_THUMB_Startup.o
  0x08000C43  exit                                2      4  Code  Gb  SEGGER_THUMB_Startup.o
  0x08000C49  HardFault_Handler                          4  Code  Wk  STM32L4xx_Startup.o
  0x08000C71  memcpy                             92      4  Code  Wk  strasmops_arm.o (strops_unaligned_v7em_fpv4_sp_d16_hard_t_le_eabi_balanced.a)
  0x08000C71  __aeabi_memcpy                             4  Code  Wk  strasmops_arm.o (strops_unaligned_v7em_fpv4_sp_d16_hard_t_le_eabi_balanced.a)
  0x08000C8F  __aeabi_memcpy8                            4  Code  Wk  strasmops_arm.o (strops_unaligned_v7em_fpv4_sp_d16_hard_t_le_eabi_balanced.a)
  0x08000C8F  __aeabi_memcpy4                            4  Code  Wk  strasmops_arm.o (strops_unaligned_v7em_fpv4_sp_d16_hard_t_le_eabi_balanced.a)
  0x08000D33  gpioPinToPort                      14      2  Code  Gb  STM32L432KC_GPIO.o
  0x08000D41  gpioPinToBase                      30      2  Code  Gb  STM32L432KC_GPIO.o
  0x08000D5F  NMI_Handler                                2  Code  Wk  stm32l432xx_Vectors.o
  0x08000D61  MemManage_Handler                          2  Code  Wk  stm32l432xx_Vectors.o
  0x08000D63  BusFault_Handler                           2  Code  Wk  stm32l432xx_Vectors.o
  0x08000D65  UsageFault_Handler                         2  Code  Wk  stm32l432xx_Vectors.o
  0x08000D67  SVC_Handler                                2  Code  Wk  stm32l432xx_Vectors.o
  0x08000D69  DebugMon_Handler                           2  Code  Wk  stm32l432xx_Vectors.o
  0x08000D6B  PendSV_Handler                             2  Code  Wk  stm32l432xx_Vectors.o
  0x08000D6D  SysTick_Handler                            2  Code  Wk  stm32l432xx_Vectors.o
  0x08000D6F  WWDG_IRQHandler                            2  Code  Wk  stm32l432xx_Vectors.o
  0x08000D71  PVD_PVM_IRQHandler                         2  Code  Wk  stm32l432xx_Vectors.o
  0x08000D73  TAMP_STAMP_IRQHandler                      2  Code  Wk  stm32l432xx_Vectors.o
  0x08000D75  RTC_WKUP_IRQHandler                        2  Code  Wk  stm32l432xx_Vectors.o
  0x08000D77  FLASH_IRQHandler                           2  Code  Wk  stm32l432xx_Vectors.o
  0x08000D79  RCC_IRQHandler                             2  Code  Wk  stm32l432xx_Vectors.o
  0x08000D7B  EXTI0_IRQHandler                           2  Code  Wk  stm32l432xx_Vectors.o
  0x08000D7D  EXTI1_IRQHandler                           2  Code  Wk  stm32l432xx_Vectors.o
  0x08000D7F  EXTI2_IRQHandler                           2  Code  Wk  stm32l432xx_Vectors.o
  0x08000D81  EXTI3_IRQHandler                           2  Code  Wk  stm32l432xx_Vectors.o
  0x08000D83  EXTI4_IRQHandler                           2  Code  Wk  stm32l432xx_Vectors.o
  0x08000D85  DMA1_Channel2_IRQHandler                   2  Code  Wk  stm32l432xx_Vectors.o
  0x08000D87  DMA1_Channel3_IRQHandler                   2  Code  Wk  stm32l432xx_Vectors.o
  0x08000D89  DMA1_Channel4_IRQHandler                   2  Code  Wk  stm32l432xx_Vectors.o
  0x08000D8B  DMA1_Channel5_IRQHandler                   2  Code  Wk  stm32l432xx_Vectors.o
  0x08000D8D  DMA1_Channel6_IRQHandler                   2  Code  Wk  stm32l432xx_Vectors.o
  0x08000D8F  DMA1_Channel7_IRQHandler                   2  Code  Wk  stm32l432xx_Vectors.o
  0x08000D91  ADC1_IRQHandler                            2  Code  Wk  stm32l432xx_Vectors.o
  0x08000D93  CAN1_TX_IRQHandler                         2  Code  Wk  stm32l432xx_Vectors.o
  0x08000D95  CAN1_RX0_IRQHandler                        2  Code  Wk  stm32l432xx_Vectors.o
  0x08000D97  CAN1_RX1_IRQHandler                        2  Code  Wk  stm32l432xx_Vectors.o
  0x08000D99  CAN1_SCE_IRQHandler                        2  Code  Wk  stm32l432xx_Vectors.o
  0x08000D9B  EXTI9_5_IRQHandler                         2  Code  Wk  stm32l432xx_Vectors.o
  0x08000D9D  TIM1_BRK_TIM15_IRQHandler                  2  Code  Wk  stm32l432xx_Vectors.o
  0x08000D9F  TIM1_UP_TIM16_IRQHandler                   2  Code  Wk  stm32l432xx_Vectors.o
  0x08000DA1  TIM1_TRG_COM_IRQHandler                    2  Code  Wk  stm32l432xx_Vectors.o
  0x08000DA3  TIM1_CC_IRQHandler                         2  Code  Wk  stm32l432xx_Vectors.o
  0x08000DA5  TIM2_IRQHandler                            2  Code  Wk  stm32l432xx_Vectors.o
  0x08000DA7  I2C1_EV_IRQHandler                         2  Code  Wk  stm32l432xx_Vectors.o
  0x08000DA9  I2C1_ER_IRQHandler                         2  Code  Wk  stm32l432xx_Vectors.o
  0x08000DAB  SPI1_IRQHandler                            2  Code  Wk  stm32l432xx_Vectors.o
  0x08000DAD  USART1_IRQHandler                          2  Code  Wk  stm32l432xx_Vectors.o
  0x08000DAF  USART2_IRQHandler                          2  Code  Wk  stm32l432xx_Vectors.o
  0x08000DB1  EXTI15_10_IRQHandler                       2  Code  Wk  stm32l432xx_Vectors.o
  0x08000DB3  RTC_Alarm_IRQHandler                       2  Code  Wk  stm32l432xx_Vectors.o
  0x08000DB5  SPI3_IRQHandler                            2  Code  Wk  stm32l432xx_Vectors.o
  0x08000DB7  TIM6_DAC_IRQHandler                        2  Code  Wk  stm32l432xx_Vectors.o
  0x08000DB9  TIM7_IRQHandler                            2  Code  Wk  stm32l432xx_Vectors.o
  0x08000DBB  DMA2_Channel1_IRQHandler                   2  Code  Wk  stm32l432xx_Vectors.o
  0x08000DBD  DMA2_Channel2_IRQHandler                   2  Code  Wk  stm32l432xx_Vectors.o
  0x08000DBF  DMA2_Channel3_IRQHandler                   2  Code  Wk  stm32l432xx_Vectors.o
  0x08000DC1  DMA2_Channel4_IRQHandler                   2  Code  Wk  stm32l432xx_Vectors.o
  0x08000DC3  DMA2_Channel5_IRQHandler                   2  Code  Wk  stm32l432xx_Vectors.o
  0x08000DC5  COMP_IRQHandler                            2  Code  Wk  stm32l432xx_Vectors.o
  0x08000DC7  LPTIM1_IRQHandler                          2  Code  Wk  stm32l432xx_Vectors.o
  0x08000DC9  LPTIM2_IRQHandler                          2  Code  Wk  stm32l432xx_Vectors.o
  0x08000DCB  USB_IRQHandler                             2  Code  Wk  stm32l432xx_Vectors.o
  0x08000DCD  DMA2_Channel6_IRQHandler                   2  Code  Wk  stm32l432xx_Vectors.o
  0x08000DCF  DMA2_Channel7_IRQHandler                   2  Code  Wk  stm32l432xx_Vectors.o
  0x08000DD1  LPUART1_IRQHandler                         2  Code  Wk  stm32l432xx_Vectors.o
  0x08000DD3  QUADSPI_IRQHandler                         2  Code  Wk  stm32l432xx_Vectors.o
  0x08000DD5  I2C3_EV_IRQHandler                         2  Code  Wk  stm32l432xx_Vectors.o
  0x08000DD7  I2C3_ER_IRQHandler                         2  Code  Wk  stm32l432xx_Vectors.o
  0x08000DD9  SAI1_IRQHandler                            2  Code  Wk  stm32l432xx_Vectors.o
  0x08000DDB  SWPMI1_IRQHandler                          2  Code  Wk  stm32l432xx_Vectors.o
  0x08000DDD  TSC_IRQHandler                             2  Code  Wk  stm32l432xx_Vectors.o
  0x08000DDF  RNG_IRQHandler                             2  Code  Wk  stm32l432xx_Vectors.o
  0x08000DE1  FPU_IRQHandler                             2  Code  Wk  stm32l432xx_Vectors.o
  0x08000DE3  CRS_IRQHandler                             2  Code  Wk  stm32l432xx_Vectors.o
  0x08000DE5  putchar                            14      2  Code  Wk  fileops.o (libc_v7em_fpv4_sp_d16_hard_t_le_eabi_balanced.a)
  0x08000DF3  fputc                              34      2  Code  Wk  fileops.o (libc_v7em_fpv4_sp_d16_hard_t_le_eabi_balanced.a)
  0x08000E15  puts                               50      2  Code  Wk  fileops.o (libc_v7em_fpv4_sp_d16_hard_t_le_eabi_balanced.a)
  0x08000E47  fwrite                             46      2  Code  Wk  fileops.o (libc_v7em_fpv4_sp_d16_hard_t_le_eabi_balanced.a)
  0x08000E75  __SEGGER_RTL_X_file_write           6      2  Code  Gb  prinops_rtt.o (prinops_rtt_v7em_fpv4_sp_d16_hard_t_le_eabi_balanced.a)
  0x08000E7B  _DoInit                           102      2  Code  Lc  SEGGER_RTT.o (prinops_rtt_v7em_fpv4_sp_d16_hard_t_le_eabi_balanced.a)
  0x08000EE1  _GetAvailWriteSpace                22      2  Code  Lc  SEGGER_RTT.o (prinops_rtt_v7em_fpv4_sp_d16_hard_t_le_eabi_balanced.a)
  0x08000EF7  _WriteBlocking                     86      2  Code  Lc  SEGGER_RTT.o (prinops_rtt_v7em_fpv4_sp_d16_hard_t_le_eabi_balanced.a)
  0x08000F4D  SEGGER_RTT_WriteNoLock             90      2  Code  Gb  SEGGER_RTT.o (prinops_rtt_v7em_fpv4_sp_d16_hard_t_le_eabi_balanced.a)
  0x08000FA7  SEGGER_RTT_Write                   54      2  Code  Gb  SEGGER_RTT.o (prinops_rtt_v7em_fpv4_sp_d16_hard_t_le_eabi_balanced.a)
  0x08000FDD  gpioPinOffset                      16      2  Code  Gb  STM32L432KC_GPIO.o
  0x08000FED  digitalRead                        44      2  Code  Gb  STM32L432KC_GPIO.o
  0x08001019  digitalWrite                       84      2  Code  Gb  STM32L432KC_GPIO.o
  0x0800106D  reset_handler                              2  Code  Gb  STM32L4xx_Startup.o
  0x0800106D  Reset_Handler                              2  Code  Gb  STM32L4xx_Startup.o
  0x08001085  __SEGGER_RTL_X_file_stat           56      2  Code  Gb  prinops_rtt.o (prinops_rtt_v7em_fpv4_sp_d16_hard_t_le_eabi_balanced.a)
  0x080010BD  _WriteNoCheck                      68      2  Code  Lc  SEGGER_RTT.o (prinops_rtt_v7em_fpv4_sp_d16_hard_t_le_eabi_balanced.a)
  0x08001101  strlen                             44      2  Code  Wk  strops.o (strops_unaligned_v7em_fpv4_sp_d16_hard_t_le_eabi_balanced.a)
  0x08001131  __SEGGER_init_ctors                26      4  Code  Wk  SEGGER_crtinit.o (SEGGER_crtinit_v7em_fpv4_sp_d16_hard_t_le_eabi_balanced.a)
  0x080011A5  __SEGGER_init_zero                 18      2  Code  Wk  SEGGER_crtinit.o (SEGGER_crtinit_v7em_fpv4_sp_d16_hard_t_le_eabi_balanced.a)
  0x080011B7  __SEGGER_init_copy                 20      2  Code  Wk  SEGGER_crtinit.o (SEGGER_crtinit_v7em_fpv4_sp_d16_hard_t_le_eabi_balanced.a)

Function symbols by descending size:

  Symbol name                      Size  Align  Type  Bd  Object File
  -------------------------  ----------  -----  ----  --  -----------
  main                              360      4  Code  Gb  main.o
  initADC                           344      4  Code  Gb  STM32L432KC_ADC.o
  SystemCoreClockUpdate             340      4  Code  Gb  system_stm32l4xx.o
  initSPI                           272      4  Code  Gb  STM32L432KC_SPI.o
  pinMode                           198      4  Code  Gb  STM32L432KC_GPIO.o
  DMA1_Channel1_IRQHandler          180      4  Code  Gb  STM32L432KC_DMA.o
  initADC_DMA                       128      4  Code  Gb  STM32L432KC_DMA.o
  configurePLL                      116      4  Code  Gb  STM32L432KC_RCC.o
  _DoInit                           102      2  Code  Lc  SEGGER_RTT.o (prinops_rtt_v7em_fpv4_sp_d16_hard_t_le_eabi_balanced.a)
  delay                             100      4  Code  Gb  STM32L432KC_TIM6.o
  memcpy                             92      4  Code  Wk  strasmops_arm.o (strops_unaligned_v7em_fpv4_sp_d16_hard_t_le_eabi_balanced.a)
  SEGGER_RTT_WriteNoLock             90      2  Code  Gb  SEGGER_RTT.o (prinops_rtt_v7em_fpv4_sp_d16_hard_t_le_eabi_balanced.a)
  SystemInit                         88      4  Code  Gb  system_stm32l4xx.o
  _WriteBlocking                     86      2  Code  Lc  SEGGER_RTT.o (prinops_rtt_v7em_fpv4_sp_d16_hard_t_le_eabi_balanced.a)
  digitalWrite                       84      2  Code  Gb  STM32L432KC_GPIO.o
  __NVIC_SetPriority                 80      4  Code  Lc  STM32L432KC_DMA.o
  initTIM6                           80      4  Code  Gb  STM32L432KC_TIM6.o
  gpioPortToBase                     72      4  Code  Gb  STM32L432KC_GPIO.o
  _WriteNoCheck                      68      2  Code  Lc  SEGGER_RTT.o (prinops_rtt_v7em_fpv4_sp_d16_hard_t_le_eabi_balanced.a)
  spiSendReceive                     64      4  Code  Gb  STM32L432KC_SPI.o
  stop_sampling                      64      4  Code  Gb  STM32L432KC_ADC.o
  __SEGGER_RTL_X_file_stat           56      2  Code  Gb  prinops_rtt.o (prinops_rtt_v7em_fpv4_sp_d16_hard_t_le_eabi_balanced.a)
  SEGGER_RTT_Write                   54      2  Code  Gb  SEGGER_RTT.o (prinops_rtt_v7em_fpv4_sp_d16_hard_t_le_eabi_balanced.a)
  __NVIC_EnableIRQ                   52      4  Code  Lc  STM32L432KC_DMA.o
  puts                               50      2  Code  Wk  fileops.o (libc_v7em_fpv4_sp_d16_hard_t_le_eabi_balanced.a)
  start_sampling                     48      4  Code  Gb  STM32L432KC_ADC.o
  fwrite                             46      2  Code  Wk  fileops.o (libc_v7em_fpv4_sp_d16_hard_t_le_eabi_balanced.a)
  configureClock                     44      4  Code  Gb  STM32L432KC_RCC.o
  digitalRead                        44      2  Code  Gb  STM32L432KC_GPIO.o
  strlen                             44      2  Code  Wk  strops.o (strops_unaligned_v7em_fpv4_sp_d16_hard_t_le_eabi_balanced.a)
  fputc                              34      2  Code  Wk  fileops.o (libc_v7em_fpv4_sp_d16_hard_t_le_eabi_balanced.a)
  configureFlash                     32      4  Code  Gb  STM32L432KC_FLASH.o
  gpioPinToBase                      30      2  Code  Gb  STM32L432KC_GPIO.o
  __SEGGER_init_ctors                26      4  Code  Wk  SEGGER_crtinit.o (SEGGER_crtinit_v7em_fpv4_sp_d16_hard_t_le_eabi_balanced.a)
  _GetAvailWriteSpace                22      2  Code  Lc  SEGGER_RTT.o (prinops_rtt_v7em_fpv4_sp_d16_hard_t_le_eabi_balanced.a)
  __SEGGER_init_copy                 20      2  Code  Wk  SEGGER_crtinit.o (SEGGER_crtinit_v7em_fpv4_sp_d16_hard_t_le_eabi_balanced.a)
  __SEGGER_init_zero                 18      2  Code  Wk  SEGGER_crtinit.o (SEGGER_crtinit_v7em_fpv4_sp_d16_hard_t_le_eabi_balanced.a)
  gpioPinOffset                      16      2  Code  Gb  STM32L432KC_GPIO.o
  _start                             14      4  Code  Gb  SEGGER_THUMB_Startup.o
  gpioPinToPort                      14      2  Code  Gb  STM32L432KC_GPIO.o
  putchar                            14      2  Code  Wk  fileops.o (libc_v7em_fpv4_sp_d16_hard_t_le_eabi_balanced.a)
  __SEGGER_RTL_X_file_write           6      2  Code  Gb  prinops_rtt.o (prinops_rtt_v7em_fpv4_sp_d16_hard_t_le_eabi_balanced.a)
  exit                                2      4  Code  Gb  SEGGER_THUMB_Startup.o
  ADC1_IRQHandler                            2  Code  Wk  stm32l432xx_Vectors.o
  BusFault_Handler                           2  Code  Wk  stm32l432xx_Vectors.o
  CAN1_RX0_IRQHandler                        2  Code  Wk  stm32l432xx_Vectors.o
  CAN1_RX1_IRQHandler                        2  Code  Wk  stm32l432xx_Vectors.o
  CAN1_SCE_IRQHandler                        2  Code  Wk  stm32l432xx_Vectors.o
  CAN1_TX_IRQHandler                         2  Code  Wk  stm32l432xx_Vectors.o
  COMP_IRQHandler                            2  Code  Wk  stm32l432xx_Vectors.o
  CRS_IRQHandler                             2  Code  Wk  stm32l432xx_Vectors.o
  DMA1_Channel2_IRQHandler                   2  Code  Wk  stm32l432xx_Vectors.o
  DMA1_Channel3_IRQHandler                   2  Code  Wk  stm32l432xx_Vectors.o
  DMA1_Channel4_IRQHandler                   2  Code  Wk  stm32l432xx_Vectors.o
  DMA1_Channel5_IRQHandler                   2  Code  Wk  stm32l432xx_Vectors.o
  DMA1_Channel6_IRQHandler                   2  Code  Wk  stm32l432xx_Vectors.o
  DMA1_Channel7_IRQHandler                   2  Code  Wk  stm32l432xx_Vectors.o
  DMA2_Channel1_IRQHandler                   2  Code  Wk  stm32l432xx_Vectors.o
  DMA2_Channel2_IRQHandler                   2  Code  Wk  stm32l432xx_Vectors.o
  DMA2_Channel3_IRQHandler                   2  Code  Wk  stm32l432xx_Vectors.o
  DMA2_Channel4_IRQHandler                   2  Code  Wk  stm32l432xx_Vectors.o
  DMA2_Channel5_IRQHandler                   2  Code  Wk  stm32l432xx_Vectors.o
  DMA2_Channel6_IRQHandler                   2  Code  Wk  stm32l432xx_Vectors.o
  DMA2_Channel7_IRQHandler                   2  Code  Wk  stm32l432xx_Vectors.o
  DebugMon_Handler                           2  Code  Wk  stm32l432xx_Vectors.o
  EXTI0_IRQHandler                           2  Code  Wk  stm32l432xx_Vectors.o
  EXTI15_10_IRQHandler                       2  Code  Wk  stm32l432xx_Vectors.o
  EXTI1_IRQHandler                           2  Code  Wk  stm32l432xx_Vectors.o
  EXTI2_IRQHandler                           2  Code  Wk  stm32l432xx_Vectors.o
  EXTI3_IRQHandler                           2  Code  Wk  stm32l432xx_Vectors.o
  EXTI4_IRQHandler                           2  Code  Wk  stm32l432xx_Vectors.o
  EXTI9_5_IRQHandler                         2  Code  Wk  stm32l432xx_Vectors.o
  FLASH_IRQHandler                           2  Code  Wk  stm32l432xx_Vectors.o
  FPU_IRQHandler                             2  Code  Wk  stm32l432xx_Vectors.o
  HardFault_Handler                          4  Code  Wk  STM32L4xx_Startup.o
  I2C1_ER_IRQHandler                         2  Code  Wk  stm32l432xx_Vectors.o
  I2C1_EV_IRQHandler                         2  Code  Wk  stm32l432xx_Vectors.o
  I2C3_ER_IRQHandler                         2  Code  Wk  stm32l432xx_Vectors.o
  I2C3_EV_IRQHandler                         2  Code  Wk  stm32l432xx_Vectors.o
  LPTIM1_IRQHandler                          2  Code  Wk  stm32l432xx_Vectors.o
  LPTIM2_IRQHandler                          2  Code  Wk  stm32l432xx_Vectors.o
  LPUART1_IRQHandler                         2  Code  Wk  stm32l432xx_Vectors.o
  MemManage_Handler                          2  Code  Wk  stm32l432xx_Vectors.o
  NMI_Handler                                2  Code  Wk  stm32l432xx_Vectors.o
  PVD_PVM_IRQHandler                         2  Code  Wk  stm32l432xx_Vectors.o
  PendSV_Handler                             2  Code  Wk  stm32l432xx_Vectors.o
  QUADSPI_IRQHandler                         2  Code  Wk  stm32l432xx_Vectors.o
  RCC_IRQHandler                             2  Code  Wk  stm32l432xx_Vectors.o
  RNG_IRQHandler                             2  Code  Wk  stm32l432xx_Vectors.o
  RTC_Alarm_IRQHandler                       2  Code  Wk  stm32l432xx_Vectors.o
  RTC_WKUP_IRQHandler                        2  Code  Wk  stm32l432xx_Vectors.o
  Reset_Handler                              2  Code  Gb  STM32L4xx_Startup.o
  SAI1_IRQHandler                            2  Code  Wk  stm32l432xx_Vectors.o
  SPI1_IRQHandler                            2  Code  Wk  stm32l432xx_Vectors.o
  SPI3_IRQHandler                            2  Code  Wk  stm32l432xx_Vectors.o
  SVC_Handler                                2  Code  Wk  stm32l432xx_Vectors.o
  SWPMI1_IRQHandler                          2  Code  Wk  stm32l432xx_Vectors.o
  SysTick_Handler                            2  Code  Wk  stm32l432xx_Vectors.o
  TAMP_STAMP_IRQHandler                      2  Code  Wk  stm32l432xx_Vectors.o
  TIM1_BRK_TIM15_IRQHandler                  2  Code  Wk  stm32l432xx_Vectors.o
  TIM1_CC_IRQHandler                         2  Code  Wk  stm32l432xx_Vectors.o
  TIM1_TRG_COM_IRQHandler                    2  Code  Wk  stm32l432xx_Vectors.o
  TIM1_UP_TIM16_IRQHandler                   2  Code  Wk  stm32l432xx_Vectors.o
  TIM2_IRQHandler                            2  Code  Wk  stm32l432xx_Vectors.o
  TIM6_DAC_IRQHandler                        2  Code  Wk  stm32l432xx_Vectors.o
  TIM7_IRQHandler                            2  Code  Wk  stm32l432xx_Vectors.o
  TSC_IRQHandler                             2  Code  Wk  stm32l432xx_Vectors.o
  USART1_IRQHandler                          2  Code  Wk  stm32l432xx_Vectors.o
  USART2_IRQHandler                          2  Code  Wk  stm32l432xx_Vectors.o
  USB_IRQHandler                             2  Code  Wk  stm32l432xx_Vectors.o
  UsageFault_Handler                         2  Code  Wk  stm32l432xx_Vectors.o
  WWDG_IRQHandler                            2  Code  Wk  stm32l432xx_Vectors.o
  __SEGGER_init_done                         4  Code  Gb  SEGGER_THUMB_Startup.o
  __aeabi_memcpy                             4  Code  Wk  strasmops_arm.o (strops_unaligned_v7em_fpv4_sp_d16_hard_t_le_eabi_balanced.a)
  __aeabi_memcpy4                            4  Code  Wk  strasmops_arm.o (strops_unaligned_v7em_fpv4_sp_d16_hard_t_le_eabi_balanced.a)
  __aeabi_memcpy8                            4  Code  Wk  strasmops_arm.o (strops_unaligned_v7em_fpv4_sp_d16_hard_t_le_eabi_balanced.a)
  __startup_complete                         4  Code  Gb  SEGGER_THUMB_Startup.o
  reset_handler                              2  Code  Gb  STM32L4xx_Startup.o

Read-write data symbols by name:

  Symbol name                   Address        Size  Align  Type  Bd  Object File
  -------------------------  ----------  ----------  -----  ----  --  -----------
  ADCptr                     0x100008DC           4      4  Init  Gb  STM32L432KC_DMA.o
  SPIReady                   0x100008C5           1         Init  Gb  STM32L432KC_DMA.o
  SPIptr                     0x100008D8           4      4  Init  Gb  STM32L432KC_DMA.o
  SystemCoreClock            0x100008D4           4      4  Init  Gb  system_stm32l4xx.o
  _SEGGER_RTT                0x10000400         168      4  Zero  Gb  SEGGER_RTT.o (prinops_rtt_v7em_fpv4_sp_d16_hard_t_le_eabi_balanced.a)
  __SEGGER_RTL_stderr_file   0x100004B0           4      4  Zero  Lc  prinops_rtt.o (prinops_rtt_v7em_fpv4_sp_d16_hard_t_le_eabi_balanced.a)
  __SEGGER_RTL_stdin_file    0x100004AC           4      4  Zero  Lc  prinops_rtt.o (prinops_rtt_v7em_fpv4_sp_d16_hard_t_le_eabi_balanced.a)
  __SEGGER_RTL_stdout_file   0x100004A8           4      4  Zero  Lc  prinops_rtt.o (prinops_rtt_v7em_fpv4_sp_d16_hard_t_le_eabi_balanced.a)
  _acDownBuffer              0x100008B4          16         Zero  Lc  SEGGER_RTT.o (prinops_rtt_v7em_fpv4_sp_d16_hard_t_le_eabi_balanced.a)
  _acUpBuffer                0x100004B4       1 024         Zero  Lc  SEGGER_RTT.o (prinops_rtt_v7em_fpv4_sp_d16_hard_t_le_eabi_balanced.a)
  adcBuf                     0x10000200         512      4  Zero  Gb  STM32L432KC_DMA.o
  sampling                   0x100008C4           1         Zero  Gb  main.o
  spiBuf                     0x10000000         512      4  Zero  Gb  STM32L432KC_DMA.o
  stderr                     0x100008D0           4      4  Init  Gb  prinops_rtt.o (prinops_rtt_v7em_fpv4_sp_d16_hard_t_le_eabi_balanced.a)
  stdin                      0x100008CC           4      4  Init  Gb  prinops_rtt.o (prinops_rtt_v7em_fpv4_sp_d16_hard_t_le_eabi_balanced.a)
  stdout                     0x100008C8           4      4  Init  Gb  prinops_rtt.o (prinops_rtt_v7em_fpv4_sp_d16_hard_t_le_eabi_balanced.a)

Read-write data symbols by address:

     Address  Symbol name                      Size  Align  Type  Bd  Object File
  ----------  -------------------------  ----------  -----  ----  --  -----------
  0x10000000  spiBuf                            512      4  Zero  Gb  STM32L432KC_DMA.o
  0x10000200  adcBuf                            512      4  Zero  Gb  STM32L432KC_DMA.o
  0x10000400  _SEGGER_RTT                       168      4  Zero  Gb  SEGGER_RTT.o (prinops_rtt_v7em_fpv4_sp_d16_hard_t_le_eabi_balanced.a)
  0x100004A8  __SEGGER_RTL_stdout_file            4      4  Zero  Lc  prinops_rtt.o (prinops_rtt_v7em_fpv4_sp_d16_hard_t_le_eabi_balanced.a)
  0x100004AC  __SEGGER_RTL_stdin_file             4      4  Zero  Lc  prinops_rtt.o (prinops_rtt_v7em_fpv4_sp_d16_hard_t_le_eabi_balanced.a)
  0x100004B0  __SEGGER_RTL_stderr_file            4      4  Zero  Lc  prinops_rtt.o (prinops_rtt_v7em_fpv4_sp_d16_hard_t_le_eabi_balanced.a)
  0x100004B4  _acUpBuffer                     1 024         Zero  Lc  SEGGER_RTT.o (prinops_rtt_v7em_fpv4_sp_d16_hard_t_le_eabi_balanced.a)
  0x100008B4  _acDownBuffer                      16         Zero  Lc  SEGGER_RTT.o (prinops_rtt_v7em_fpv4_sp_d16_hard_t_le_eabi_balanced.a)
  0x100008C4  sampling                            1         Zero  Gb  main.o
  0x100008C5  SPIReady                            1         Init  Gb  STM32L432KC_DMA.o
  0x100008C8  stdout                              4      4  Init  Gb  prinops_rtt.o (prinops_rtt_v7em_fpv4_sp_d16_hard_t_le_eabi_balanced.a)
  0x100008CC  stdin                               4      4  Init  Gb  prinops_rtt.o (prinops_rtt_v7em_fpv4_sp_d16_hard_t_le_eabi_balanced.a)
  0x100008D0  stderr                              4      4  Init  Gb  prinops_rtt.o (prinops_rtt_v7em_fpv4_sp_d16_hard_t_le_eabi_balanced.a)
  0x100008D4  SystemCoreClock                     4      4  Init  Gb  system_stm32l4xx.o
  0x100008D8  SPIptr                              4      4  Init  Gb  STM32L432KC_DMA.o
  0x100008DC  ADCptr                              4      4  Init  Gb  STM32L432KC_DMA.o

Read-write data symbols by descending size:

  Symbol name                      Size  Align  Type  Bd  Object File
  -------------------------  ----------  -----  ----  --  -----------
  _acUpBuffer                     1 024         Zero  Lc  SEGGER_RTT.o (prinops_rtt_v7em_fpv4_sp_d16_hard_t_le_eabi_balanced.a)
  adcBuf                            512      4  Zero  Gb  STM32L432KC_DMA.o
  spiBuf                            512      4  Zero  Gb  STM32L432KC_DMA.o
  _SEGGER_RTT                       168      4  Zero  Gb  SEGGER_RTT.o (prinops_rtt_v7em_fpv4_sp_d16_hard_t_le_eabi_balanced.a)
  _acDownBuffer                      16         Zero  Lc  SEGGER_RTT.o (prinops_rtt_v7em_fpv4_sp_d16_hard_t_le_eabi_balanced.a)
  ADCptr                              4      4  Init  Gb  STM32L432KC_DMA.o
  SPIptr                              4      4  Init  Gb  STM32L432KC_DMA.o
  SystemCoreClock                     4      4  Init  Gb  system_stm32l4xx.o
  __SEGGER_RTL_stderr_file            4      4  Zero  Lc  prinops_rtt.o (prinops_rtt_v7em_fpv4_sp_d16_hard_t_le_eabi_balanced.a)
  __SEGGER_RTL_stdin_file             4      4  Zero  Lc  prinops_rtt.o (prinops_rtt_v7em_fpv4_sp_d16_hard_t_le_eabi_balanced.a)
  __SEGGER_RTL_stdout_file            4      4  Zero  Lc  prinops_rtt.o (prinops_rtt_v7em_fpv4_sp_d16_hard_t_le_eabi_balanced.a)
  stderr                              4      4  Init  Gb  prinops_rtt.o (prinops_rtt_v7em_fpv4_sp_d16_hard_t_le_eabi_balanced.a)
  stdin                               4      4  Init  Gb  prinops_rtt.o (prinops_rtt_v7em_fpv4_sp_d16_hard_t_le_eabi_balanced.a)
  stdout                              4      4  Init  Gb  prinops_rtt.o (prinops_rtt_v7em_fpv4_sp_d16_hard_t_le_eabi_balanced.a)
  SPIReady                            1         Init  Gb  STM32L432KC_DMA.o
  sampling                            1         Zero  Gb  main.o

Read-only data symbols by name:

  Symbol name                   Address        Size  Align  Type  Bd  Object File
  -------------------------  ----------  ----------  -----  ----  --  -----------
  AHBPrescTable              0x0800018C          16      4  Cnst  Gb  system_stm32l4xx.o
  MSIRangeTable              0x0800019C          48      4  Cnst  Gb  system_stm32l4xx.o
  _DoInit._aInitStr          0x08000D03          17         Cnst  Lc  SEGGER_RTT.o (prinops_rtt_v7em_fpv4_sp_d16_hard_t_le_eabi_balanced.a)
  __SEGGER_init_data__       0x08001188        [28]      4  Cnst  Lc  [ Linker created ]
  __SEGGER_init_table__      0x08001154        [52]      4  Cnst  Lc  [ Linker created ]

Read-only data symbols by address:

     Address  Symbol name                      Size  Align  Type  Bd  Object File
  ----------  -------------------------  ----------  -----  ----  --  -----------
  0x0800018C  AHBPrescTable                      16      4  Cnst  Gb  system_stm32l4xx.o
  0x0800019C  MSIRangeTable                      48      4  Cnst  Gb  system_stm32l4xx.o
  0x08000D03  _DoInit._aInitStr                  17         Cnst  Lc  SEGGER_RTT.o (prinops_rtt_v7em_fpv4_sp_d16_hard_t_le_eabi_balanced.a)
  0x08001154  __SEGGER_init_table__            [52]      4  Cnst  Lc  [ Linker created ]
  0x08001188  __SEGGER_init_data__             [28]      4  Cnst  Lc  [ Linker created ]

Untyped symbols by name:

  Symbol name                     Value        Size  Align  Type  Bd  Object File
  -------------------------  ----------  ----------  -----  ----  --  -----------
  __FLASH1_segment_end__     0x08040000                     ----  Gb  [ Linker created ]
  __FLASH1_segment_size__    0x00040000                     ----  Gb  [ Linker created ]
  __FLASH1_segment_start__   0x08000000                     ----  Gb  [ Linker created ]
  __FLASH1_segment_used_end__
                             0x080011CA                     ----  Gb  [ Linker created ]
  __FLASH1_segment_used_size__
                             0x000011CA                     ----  Gb  [ Linker created ]
  __FLASH1_segment_used_start__
                             0x08000000                     ----  Gb  [ Linker created ]
  __FLASH_segment_end__      0x08040000                     ----  Gb  [ Linker created ]
  __FLASH_segment_size__     0x00040000                     ----  Gb  [ Linker created ]
  __FLASH_segment_start__    0x08000000                     ----  Gb  [ Linker created ]
  __FLASH_segment_used_end__
                             0x080011CA                     ----  Gb  [ Linker created ]
  __FLASH_segment_used_size__
                             0x000011CA                     ----  Gb  [ Linker created ]
  __FLASH_segment_used_start__
                             0x08000000                     ----  Gb  [ Linker created ]
  __HEAPSIZE__               0x00000400                     ----  Gb  [ Linker created ]
  __RAM1_segment_end__       0x10004000                     ----  Gb  [ Linker created ]
  __RAM1_segment_size__      0x00004000                     ----  Gb  [ Linker created ]
  __RAM1_segment_start__     0x10000000                     ----  Gb  [ Linker created ]
  __RAM1_segment_used_end__  0x100008E0                     ----  Gb  [ Linker created ]
  __RAM1_segment_used_size__
                             0x000008E0                     ----  Gb  [ Linker created ]
  __RAM1_segment_used_start__
                             0x10000000                     ----  Gb  [ Linker created ]
  __RAM2_segment_end__       0x2000C000                     ----  Gb  [ Linker created ]
  __RAM2_segment_size__      0x0000C000                     ----  Gb  [ Linker created ]
  __RAM2_segment_start__     0x20000000                     ----  Gb  [ Linker created ]
  __RAM2_segment_used_end__  0x2000C000                     ----  Gb  [ Linker created ]
  __RAM2_segment_used_size__
                             0x00000800                     ----  Gb  [ Linker created ]
  __RAM2_segment_used_start__
                             0x2000B800                     ----  Gb  [ Linker created ]
  __RAM_segment_end__        0x2000C000                     ----  Gb  [ Linker created ]
  __RAM_segment_size__       0x1000C000                     ----  Gb  [ Linker created ]
  __RAM_segment_start__      0x10000000                     ----  Gb  [ Linker created ]
  __RAM_segment_used_end__   0x2000C000                     ----  Gb  [ Linker created ]
  __RAM_segment_used_size__  0x1000C000                     ----  Gb  [ Linker created ]
  __RAM_segment_used_start__
                             0x10000000                     ----  Gb  [ Linker created ]
  __STACKSIZE_PROCESS__      0x00000000                     ----  Gb  [ Linker created ]
  __STACKSIZE__              0x00000800                     ----  Gb  [ Linker created ]
  __ctors_end__              0x08001130                     ----  Gb  [ Linker created ]
  __ctors_start__            0x0800112C                     ----  Gb  [ Linker created ]
  __stack_end__              0x2000C000                     ----  Gb  [ Linker created ]
  __thread_pointer$          0x00000000                     ----  Gb  [ Linker created ]
  _vectors                   0x08000000       [396]    512  Code  Gb  stm32l432xx_Vectors.o
  _vectors_end               0x0800018C                512  Code  Lc  stm32l432xx_Vectors.o

Untyped symbols by address:

       Value  Symbol name                      Size  Align  Type  Bd  Object File
  ----------  -------------------------  ----------  -----  ----  --  -----------
  0x00000000  __thread_pointer$                             ----  Gb  [ Linker created ]
  0x00000000  __STACKSIZE_PROCESS__                         ----  Gb  [ Linker created ]
  0x00000400  __HEAPSIZE__                                  ----  Gb  [ Linker created ]
  0x00000800  __STACKSIZE__                                 ----  Gb  [ Linker created ]
  0x00000800  __RAM2_segment_used_size__
                                                            ----  Gb  [ Linker created ]
  0x000008E0  __RAM1_segment_used_size__
                                                            ----  Gb  [ Linker created ]
  0x000011CA  __FLASH_segment_used_size__
                                                            ----  Gb  [ Linker created ]
  0x000011CA  __FLASH1_segment_used_size__
                                                            ----  Gb  [ Linker created ]
  0x00004000  __RAM1_segment_size__                         ----  Gb  [ Linker created ]
  0x0000C000  __RAM2_segment_size__                         ----  Gb  [ Linker created ]
  0x00040000  __FLASH_segment_size__                        ----  Gb  [ Linker created ]
  0x00040000  __FLASH1_segment_size__                       ----  Gb  [ Linker created ]
  0x08000000  _vectors                        [396]    512  Code  Gb  stm32l432xx_Vectors.o
  0x08000000  __FLASH_segment_used_start__
                                                            ----  Gb  [ Linker created ]
  0x08000000  __FLASH_segment_start__                       ----  Gb  [ Linker created ]
  0x08000000  __FLASH1_segment_used_start__
                                                            ----  Gb  [ Linker created ]
  0x08000000  __FLASH1_segment_start__                      ----  Gb  [ Linker created ]
  0x0800018C  _vectors_end                             512  Code  Lc  stm32l432xx_Vectors.o
  0x0800112C  __ctors_start__                               ----  Gb  [ Linker created ]
  0x08001130  __ctors_end__                                 ----  Gb  [ Linker created ]
  0x080011CA  __FLASH_segment_used_end__
                                                            ----  Gb  [ Linker created ]
  0x080011CA  __FLASH1_segment_used_end__
                                                            ----  Gb  [ Linker created ]
  0x08040000  __FLASH_segment_end__                         ----  Gb  [ Linker created ]
  0x08040000  __FLASH1_segment_end__                        ----  Gb  [ Linker created ]
  0x10000000  __RAM_segment_used_start__
                                                            ----  Gb  [ Linker created ]
  0x10000000  __RAM_segment_start__                         ----  Gb  [ Linker created ]
  0x10000000  __RAM1_segment_used_start__
                                                            ----  Gb  [ Linker created ]
  0x10000000  __RAM1_segment_start__                        ----  Gb  [ Linker created ]
  0x100008E0  __RAM1_segment_used_end__                     ----  Gb  [ Linker created ]
  0x10004000  __RAM1_segment_end__                          ----  Gb  [ Linker created ]
  0x1000C000  __RAM_segment_used_size__                     ----  Gb  [ Linker created ]
  0x1000C000  __RAM_segment_size__                          ----  Gb  [ Linker created ]
  0x20000000  __RAM2_segment_start__                        ----  Gb  [ Linker created ]
  0x2000B800  __RAM2_segment_used_start__
                                                            ----  Gb  [ Linker created ]
  0x2000C000  __stack_end__                                 ----  Gb  [ Linker created ]
  0x2000C000  __RAM_segment_used_end__                      ----  Gb  [ Linker created ]
  0x2000C000  __RAM_segment_end__                           ----  Gb  [ Linker created ]
  0x2000C000  __RAM2_segment_used_end__                     ----  Gb  [ Linker created ]
  0x2000C000  __RAM2_segment_end__                          ----  Gb  [ Linker created ]


***********************************************************************************************
***                                                                                         ***
***                                      LINK SUMMARY                                       ***
***                                                                                         ***
***********************************************************************************************

Memory breakdown:

    4 304 bytes read-only  code    + 
      246 bytes read-only  data    =   4 550 bytes read-only (total)
    4 318 bytes read-write data

Region summary:

  Name        Range                     Size                 Used               Unused       Alignment Loss
  ----------  -----------------  -----------  -------------------  -------------------  -------------------
  FLASH       08000000-0803ffff      262 144        4 554   1.74%      257 590  98.26%            0   0.00%
  RAM1        10000000-10003fff       16 384        2 270  13.85%       14 114  86.15%            0   0.00%
  RAM2        20000000-2000bfff       49 152        2 048   4.17%       47 104  95.83%            0   0.00%

Link complete: 0 errors, 0 warnings, 0 remarks
