***********************************************************************************************
***                                                                                         ***
***                                    LINK INFORMATION                                     ***
***                                                                                         ***
***********************************************************************************************

Linker version:

  SEGGER ARM Linker 4.40.0 compiled Sep 26 2024 18:35:09
  Copyright (c) 2017-2024 SEGGER Microcontroller GmbH    www.segger.com


***********************************************************************************************
***                                                                                         ***
***                                     MODULE SUMMARY                                      ***
***                                                                                         ***
***********************************************************************************************

Memory use by input file:

  Object File                                       RX Code     RO Data     RW Data     ZI Data
  ---------------------------------------------  ----------  ----------  ----------  ----------
  main.o                                                244          13                       1
  SEGGER_THUMB_Startup.o                                 20                                    
  STM32L432KC_ADC.o                                     312          21                        
  STM32L432KC_DMA.o                                     360                       8       1 025
  STM32L432KC_FLASH.o                                    32                                    
  STM32L432KC_GPIO.o                                    500                                    
  STM32L432KC_RCC.o                                     160                                    
  STM32L432KC_SPI.o                                     352                                    
  STM32L432KC_TIM6.o                                    180                                    
  stm32l432xx_Vectors.o                                 530                                    
  STM32L4xx_Startup.o                                    64                                    
  system_stm32l4xx.o                                    428          64           4            
  ---------------------------------------------  ----------  ----------  ----------  ----------
  Subtotal (12 objects)                               3 182          98          12       1 026
  ---------------------------------------------  ----------  ----------  ----------  ----------
  libc_v7em_fpv4_sp_d16_hard_t_le_eabi_balanced.a
                                                        144                                    
  prinops_rtt_v7em_fpv4_sp_d16_hard_t_le_eabi_balanced.a
                                                        484          26          12       1 220
  SEGGER_crtinit_v7em_fpv4_sp_d16_hard_t_le_eabi_balanced.a
                                                         74                                    
  strops_unaligned_v7em_fpv4_sp_d16_hard_t_le_eabi_balanced.a
                                                        136                                    
  ---------------------------------------------  ----------  ----------  ----------  ----------
  Subtotal (4 archives)                                 838          26          12       1 220
  ---------------------------------------------  ----------  ----------  ----------  ----------
  Linker created (shared data, fills, blocks):                       60                   2 048
  =============================================  ==========  ==========  ==========  ==========
  Total:                                              4 020         184          24       4 294
  =============================================  ==========  ==========  ==========  ==========

Memory use by archive member:

  Archive member                                    RX Code     RO Data     RW Data     ZI Data
  ---------------------------------------------  ----------  ----------  ----------  ----------
  fileops.o (libc_v7em_fpv4_sp_d16_hard_t_le_eabi_balanced.a)
                                                        144                                    
  prinops_rtt.o (prinops_rtt_v7em_fpv4_sp_d16_hard_t_le_eabi_balanced.a)
                                                         62                      12          12
  SEGGER_crtinit.o (SEGGER_crtinit_v7em_fpv4_sp_d16_hard_t_le_eabi_balanced.a)
                                                         74                                    
  SEGGER_RTT.o (prinops_rtt_v7em_fpv4_sp_d16_hard_t_le_eabi_balanced.a)
                                                        422          26                   1 208
  strasmops_arm.o (strops_unaligned_v7em_fpv4_sp_d16_hard_t_le_eabi_balanced.a)
                                                         92                                    
  strops.o (strops_unaligned_v7em_fpv4_sp_d16_hard_t_le_eabi_balanced.a)
                                                         44                                    
  ---------------------------------------------  ----------  ----------  ----------  ----------
  Subtotal (6 members from 4 archives)                  838          26          12       1 220
  Objects (12 files)                                  3 182          98          12       1 026
  Linker created (shared data, fills, blocks):                       60                   2 048
  =============================================  ==========  ==========  ==========  ==========
  Total:                                              4 020         184          24       4 294
  =============================================  ==========  ==========  ==========  ==========

Memory use by linker:

  Description                                       RX Code     RO Data     RW Data     ZI Data
  ---------------------------------------------  ----------  ----------  ----------  ----------
  Initialization table                                               60                        
  Memory for block 'stack'                                                                2 048
  ---------------------------------------------  ----------  ----------  ----------  ----------
  Subtotal (linker created):                                         60                   2 048
  ---------------------------------------------  ----------  ----------  ----------  ----------
  Objects (12 files)                                  3 182          98          12       1 026
  Archives (4 files)                                    838          26          12       1 220
  =============================================  ==========  ==========  ==========  ==========
  Total:                                              4 020         184          24       4 294
  =============================================  ==========  ==========  ==========  ==========


***********************************************************************************************
***                                                                                         ***
***                                     SECTION DETAIL                                      ***
***                                                                                         ***
***********************************************************************************************

Sections by address:

  Range              Symbol or [section] Name         Size  Al  Init  Ac  Object File
  -----------------  -------------------------  ----------  --  ----  --  -----------
  08000000-0800018b  _vectors                          396  512
                                                                Code  RX  stm32l432xx_Vectors.o
  0800018c-0800019b  AHBPrescTable                      16   4  Cnst  RO  system_stm32l4xx.o
  0800019c-080001cb  MSIRangeTable                      48   4  Cnst  RO  system_stm32l4xx.o
  080001cc-08000223  SystemInit                         88   4  Code  RX  system_stm32l4xx.o
  08000224-08000377  SystemCoreClockUpdate             340   4  Code  RX  system_stm32l4xx.o
  08000378-0800046b  main                              244   4  Code  RX  main.o
  0800046c-080005a3  initADC                           312   4  Code  RX  STM32L432KC_ADC.o
  080005a4-0800065f  initADC_DMA                       188   4  Code  RX  STM32L432KC_DMA.o
  08000660-0800070b  DMA1_Channel1_IRQHandler          172   4  Code  RX  STM32L432KC_DMA.o
  0800070c-0800072b  configureFlash                     32   4  Code  RX  STM32L432KC_FLASH.o
  0800072c-0800077f  gpioEnable                         84   4  Code  RX  STM32L432KC_GPIO.o
  08000780-080007c7  gpioPortToBase                     72   4  Code  RX  STM32L432KC_GPIO.o
  080007c8-0800088f  pinMode                           200   4  Code  RX  STM32L432KC_GPIO.o
  08000890-08000903  configurePLL                      116   4  Code  RX  STM32L432KC_RCC.o
  08000904-0800092f  configureClock                     44   4  Code  RX  STM32L432KC_RCC.o
  08000930-08000a4f  initSPI                           288   4  Code  RX  STM32L432KC_SPI.o
  08000a50-08000a8f  spiSendReceive                     64   4  Code  RX  STM32L432KC_SPI.o
  08000a90-08000adf  initTIM6                           80   4  Code  RX  STM32L432KC_TIM6.o
  08000ae0-08000b43  delay                             100   4  Code  RX  STM32L432KC_TIM6.o
  08000b44-08000b57  _start                             20   4  Code  RX  SEGGER_THUMB_Startup.o
  08000b58-08000b7f  HardFault_Handler                  40   4  Code  RX  STM32L4xx_Startup.o
  08000b80-08000bdb  memcpy                             92   4  Code  RX  strasmops_arm.o (strops_unaligned_v7em_fpv4_sp_d16_hard_t_le_eabi_balanced.a)
  08000bdc-08000be8  [.rodata]                          13   4  Cnst  RO  main.o
  08000be9-08000bf9  _DoInit._aInitStr                  17   1  Cnst  RO  SEGGER_RTT.o (prinops_rtt_v7em_fpv4_sp_d16_hard_t_le_eabi_balanced.a)
  08000bfa-08000c07  gpioPinToPort                      14   2  Code  RX  STM32L432KC_GPIO.o
  08000c08-08000c1c  [.rodata]                          21   4  Cnst  RO  STM32L432KC_ADC.o
  08000c1d-08000c25  [.rodata.libc..L.str]               9   1  Cnst  RO  SEGGER_RTT.o (prinops_rtt_v7em_fpv4_sp_d16_hard_t_le_eabi_balanced.a)
  08000c26-08000c43  gpioPinToBase                      30   2  Code  RX  STM32L432KC_GPIO.o
  08000c44-08000c45  NMI_Handler                         2   2  Code  RX  stm32l432xx_Vectors.o
  08000c46-08000c47  MemManage_Handler                   2   2  Code  RX  stm32l432xx_Vectors.o
  08000c48-08000c49  BusFault_Handler                    2   2  Code  RX  stm32l432xx_Vectors.o
  08000c4a-08000c4b  UsageFault_Handler                  2   2  Code  RX  stm32l432xx_Vectors.o
  08000c4c-08000c4d  SVC_Handler                         2   2  Code  RX  stm32l432xx_Vectors.o
  08000c4e-08000c4f  DebugMon_Handler                    2   2  Code  RX  stm32l432xx_Vectors.o
  08000c50-08000c51  PendSV_Handler                      2   2  Code  RX  stm32l432xx_Vectors.o
  08000c52-08000c53  SysTick_Handler                     2   2  Code  RX  stm32l432xx_Vectors.o
  08000c54-08000c55  WWDG_IRQHandler                     2   2  Code  RX  stm32l432xx_Vectors.o
  08000c56-08000c57  PVD_PVM_IRQHandler                  2   2  Code  RX  stm32l432xx_Vectors.o
  08000c58-08000c59  TAMP_STAMP_IRQHandler               2   2  Code  RX  stm32l432xx_Vectors.o
  08000c5a-08000c5b  RTC_WKUP_IRQHandler                 2   2  Code  RX  stm32l432xx_Vectors.o
  08000c5c-08000c5d  FLASH_IRQHandler                    2   2  Code  RX  stm32l432xx_Vectors.o
  08000c5e-08000c5f  RCC_IRQHandler                      2   2  Code  RX  stm32l432xx_Vectors.o
  08000c60-08000c61  EXTI0_IRQHandler                    2   2  Code  RX  stm32l432xx_Vectors.o
  08000c62-08000c63  EXTI1_IRQHandler                    2   2  Code  RX  stm32l432xx_Vectors.o
  08000c64-08000c65  EXTI2_IRQHandler                    2   2  Code  RX  stm32l432xx_Vectors.o
  08000c66-08000c67  EXTI3_IRQHandler                    2   2  Code  RX  stm32l432xx_Vectors.o
  08000c68-08000c69  EXTI4_IRQHandler                    2   2  Code  RX  stm32l432xx_Vectors.o
  08000c6a-08000c6b  DMA1_Channel2_IRQHandler            2   2  Code  RX  stm32l432xx_Vectors.o
  08000c6c-08000c6d  DMA1_Channel3_IRQHandler            2   2  Code  RX  stm32l432xx_Vectors.o
  08000c6e-08000c6f  DMA1_Channel4_IRQHandler            2   2  Code  RX  stm32l432xx_Vectors.o
  08000c70-08000c71  DMA1_Channel5_IRQHandler            2   2  Code  RX  stm32l432xx_Vectors.o
  08000c72-08000c73  DMA1_Channel6_IRQHandler            2   2  Code  RX  stm32l432xx_Vectors.o
  08000c74-08000c75  DMA1_Channel7_IRQHandler            2   2  Code  RX  stm32l432xx_Vectors.o
  08000c76-08000c77  ADC1_IRQHandler                     2   2  Code  RX  stm32l432xx_Vectors.o
  08000c78-08000c79  CAN1_TX_IRQHandler                  2   2  Code  RX  stm32l432xx_Vectors.o
  08000c7a-08000c7b  CAN1_RX0_IRQHandler                 2   2  Code  RX  stm32l432xx_Vectors.o
  08000c7c-08000c7d  CAN1_RX1_IRQHandler                 2   2  Code  RX  stm32l432xx_Vectors.o
  08000c7e-08000c7f  CAN1_SCE_IRQHandler                 2   2  Code  RX  stm32l432xx_Vectors.o
  08000c80-08000c81  EXTI9_5_IRQHandler                  2   2  Code  RX  stm32l432xx_Vectors.o
  08000c82-08000c83  TIM1_BRK_TIM15_IRQHandler           2   2  Code  RX  stm32l432xx_Vectors.o
  08000c84-08000c85  TIM1_UP_TIM16_IRQHandler            2   2  Code  RX  stm32l432xx_Vectors.o
  08000c86-08000c87  TIM1_TRG_COM_IRQHandler             2   2  Code  RX  stm32l432xx_Vectors.o
  08000c88-08000c89  TIM1_CC_IRQHandler                  2   2  Code  RX  stm32l432xx_Vectors.o
  08000c8a-08000c8b  TIM2_IRQHandler                     2   2  Code  RX  stm32l432xx_Vectors.o
  08000c8c-08000c8d  I2C1_EV_IRQHandler                  2   2  Code  RX  stm32l432xx_Vectors.o
  08000c8e-08000c8f  I2C1_ER_IRQHandler                  2   2  Code  RX  stm32l432xx_Vectors.o
  08000c90-08000c91  SPI1_IRQHandler                     2   2  Code  RX  stm32l432xx_Vectors.o
  08000c92-08000c93  USART1_IRQHandler                   2   2  Code  RX  stm32l432xx_Vectors.o
  08000c94-08000c95  USART2_IRQHandler                   2   2  Code  RX  stm32l432xx_Vectors.o
  08000c96-08000c97  EXTI15_10_IRQHandler                2   2  Code  RX  stm32l432xx_Vectors.o
  08000c98-08000c99  RTC_Alarm_IRQHandler                2   2  Code  RX  stm32l432xx_Vectors.o
  08000c9a-08000c9b  SPI3_IRQHandler                     2   2  Code  RX  stm32l432xx_Vectors.o
  08000c9c-08000c9d  TIM6_DAC_IRQHandler                 2   2  Code  RX  stm32l432xx_Vectors.o
  08000c9e-08000c9f  TIM7_IRQHandler                     2   2  Code  RX  stm32l432xx_Vectors.o
  08000ca0-08000ca1  DMA2_Channel1_IRQHandler            2   2  Code  RX  stm32l432xx_Vectors.o
  08000ca2-08000ca3  DMA2_Channel2_IRQHandler            2   2  Code  RX  stm32l432xx_Vectors.o
  08000ca4-08000ca5  DMA2_Channel3_IRQHandler            2   2  Code  RX  stm32l432xx_Vectors.o
  08000ca6-08000ca7  DMA2_Channel4_IRQHandler            2   2  Code  RX  stm32l432xx_Vectors.o
  08000ca8-08000ca9  DMA2_Channel5_IRQHandler            2   2  Code  RX  stm32l432xx_Vectors.o
  08000caa-08000cab  COMP_IRQHandler                     2   2  Code  RX  stm32l432xx_Vectors.o
  08000cac-08000cad  LPTIM1_IRQHandler                   2   2  Code  RX  stm32l432xx_Vectors.o
  08000cae-08000caf  LPTIM2_IRQHandler                   2   2  Code  RX  stm32l432xx_Vectors.o
  08000cb0-08000cb1  USB_IRQHandler                      2   2  Code  RX  stm32l432xx_Vectors.o
  08000cb2-08000cb3  DMA2_Channel6_IRQHandler            2   2  Code  RX  stm32l432xx_Vectors.o
  08000cb4-08000cb5  DMA2_Channel7_IRQHandler            2   2  Code  RX  stm32l432xx_Vectors.o
  08000cb6-08000cb7  LPUART1_IRQHandler                  2   2  Code  RX  stm32l432xx_Vectors.o
  08000cb8-08000cb9  QUADSPI_IRQHandler                  2   2  Code  RX  stm32l432xx_Vectors.o
  08000cba-08000cbb  I2C3_EV_IRQHandler                  2   2  Code  RX  stm32l432xx_Vectors.o
  08000cbc-08000cbd  I2C3_ER_IRQHandler                  2   2  Code  RX  stm32l432xx_Vectors.o
  08000cbe-08000cbf  SAI1_IRQHandler                     2   2  Code  RX  stm32l432xx_Vectors.o
  08000cc0-08000cc1  SWPMI1_IRQHandler                   2   2  Code  RX  stm32l432xx_Vectors.o
  08000cc2-08000cc3  TSC_IRQHandler                      2   2  Code  RX  stm32l432xx_Vectors.o
  08000cc4-08000cc5  RNG_IRQHandler                      2   2  Code  RX  stm32l432xx_Vectors.o
  08000cc6-08000cc7  FPU_IRQHandler                      2   2  Code  RX  stm32l432xx_Vectors.o
  08000cc8-08000cc9  CRS_IRQHandler                      2   2  Code  RX  stm32l432xx_Vectors.o
  08000cca-08000cd7  putchar                            14   2  Code  RX  fileops.o (libc_v7em_fpv4_sp_d16_hard_t_le_eabi_balanced.a)
  08000cd8-08000cf9  fputc                              34   2  Code  RX  fileops.o (libc_v7em_fpv4_sp_d16_hard_t_le_eabi_balanced.a)
  08000cfa-08000d2b  puts                               50   2  Code  RX  fileops.o (libc_v7em_fpv4_sp_d16_hard_t_le_eabi_balanced.a)
  08000d2c-08000d59  fwrite                             46   2  Code  RX  fileops.o (libc_v7em_fpv4_sp_d16_hard_t_le_eabi_balanced.a)
  08000d5a-08000d5f  __SEGGER_RTL_X_file_write           6   2  Code  RX  prinops_rtt.o (prinops_rtt_v7em_fpv4_sp_d16_hard_t_le_eabi_balanced.a)
  08000d60-08000dc5  _DoInit                           102   2  Code  RX  SEGGER_RTT.o (prinops_rtt_v7em_fpv4_sp_d16_hard_t_le_eabi_balanced.a)
  08000dc6-08000ddb  _GetAvailWriteSpace                22   2  Code  RX  SEGGER_RTT.o (prinops_rtt_v7em_fpv4_sp_d16_hard_t_le_eabi_balanced.a)
  08000ddc-08000e31  _WriteBlocking                     86   2  Code  RX  SEGGER_RTT.o (prinops_rtt_v7em_fpv4_sp_d16_hard_t_le_eabi_balanced.a)
  08000e32-08000e8b  SEGGER_RTT_WriteNoLock             90   2  Code  RX  SEGGER_RTT.o (prinops_rtt_v7em_fpv4_sp_d16_hard_t_le_eabi_balanced.a)
  08000e8c-08000ec1  SEGGER_RTT_Write                   54   2  Code  RX  SEGGER_RTT.o (prinops_rtt_v7em_fpv4_sp_d16_hard_t_le_eabi_balanced.a)
  08000ec2-08000ed1  gpioPinOffset                      16   2  Code  RX  STM32L432KC_GPIO.o
  08000ed2-08000f25  digitalWrite                       84   2  Code  RX  STM32L432KC_GPIO.o
  08000f26-08000f3d  reset_handler                      24   2  Code  RX  STM32L4xx_Startup.o
  08000f3e-08000f75  __SEGGER_RTL_X_file_stat           56   2  Code  RX  prinops_rtt.o (prinops_rtt_v7em_fpv4_sp_d16_hard_t_le_eabi_balanced.a)
  08000f76-08000fb9  _WriteNoCheck                      68   2  Code  RX  SEGGER_RTT.o (prinops_rtt_v7em_fpv4_sp_d16_hard_t_le_eabi_balanced.a)
  08000fba-08000fe5  strlen                             44   2  Code  RX  strops.o (strops_unaligned_v7em_fpv4_sp_d16_hard_t_le_eabi_balanced.a)
  08000fe6-08000fe7  ( UNUSED .=.+2 )                    2   -  ----  -   -
  08000fe8-08000feb  [.init_array]                       4   4  ----  --  STM32L4xx_Startup.o
  08000fec-0800100f  __SEGGER_init_ctors                36   4  Code  RX  SEGGER_crtinit.o (SEGGER_crtinit_v7em_fpv4_sp_d16_hard_t_le_eabi_balanced.a)
  08001010-08001033  __SEGGER_init_table__              36   4  Cnst  RO  [ Linker created ]
  08001034-0800104b  __SEGGER_init_data__               24   4  Cnst  RO  [ Linker created ]
  0800104c-0800105d  __SEGGER_init_zero                 18   2  Code  RX  SEGGER_crtinit.o (SEGGER_crtinit_v7em_fpv4_sp_d16_hard_t_le_eabi_balanced.a)
  0800105e-08001071  __SEGGER_init_copy                 20   2  Code  RX  SEGGER_crtinit.o (SEGGER_crtinit_v7em_fpv4_sp_d16_hard_t_le_eabi_balanced.a)
  08001072-0fffffff  ( UNUSED .=.+134213518 )   134 213 518
                                                             -  ----  -   -
  10000000-100001ff  spiBuf                            512   4  Zero  ZI  STM32L432KC_DMA.o
  10000200-100003ff  adcBuf                            512   4  Zero  ZI  STM32L432KC_DMA.o
  10000400-100004a7  _SEGGER_RTT                       168   4  Zero  ZI  SEGGER_RTT.o (prinops_rtt_v7em_fpv4_sp_d16_hard_t_le_eabi_balanced.a)
  100004a8-100004ab  __SEGGER_RTL_stdout_file            4   4  Zero  ZI  prinops_rtt.o (prinops_rtt_v7em_fpv4_sp_d16_hard_t_le_eabi_balanced.a)
  100004ac-100004af  __SEGGER_RTL_stdin_file             4   4  Zero  ZI  prinops_rtt.o (prinops_rtt_v7em_fpv4_sp_d16_hard_t_le_eabi_balanced.a)
  100004b0-100004b3  __SEGGER_RTL_stderr_file            4   4  Zero  ZI  prinops_rtt.o (prinops_rtt_v7em_fpv4_sp_d16_hard_t_le_eabi_balanced.a)
  100004b4-100008b3  _acUpBuffer                     1 024   1  Zero  ZI  SEGGER_RTT.o (prinops_rtt_v7em_fpv4_sp_d16_hard_t_le_eabi_balanced.a)
  100008b4-100008c3  _acDownBuffer                      16   1  Zero  ZI  SEGGER_RTT.o (prinops_rtt_v7em_fpv4_sp_d16_hard_t_le_eabi_balanced.a)
  100008c4-100008c4  sampling                            1   1  Zero  ZI  main.o
  100008c5-100008c5  SPIReady                            1   1  Zero  ZI  STM32L432KC_DMA.o
  100008c6-100008c7  ( UNUSED .=.+2 )                    2   -  ----  -   -
  100008c8-100008cb  stdout                              4   4  Init  RW  prinops_rtt.o (prinops_rtt_v7em_fpv4_sp_d16_hard_t_le_eabi_balanced.a)
  100008cc-100008cf  stdin                               4   4  Init  RW  prinops_rtt.o (prinops_rtt_v7em_fpv4_sp_d16_hard_t_le_eabi_balanced.a)
  100008d0-100008d3  stderr                              4   4  Init  RW  prinops_rtt.o (prinops_rtt_v7em_fpv4_sp_d16_hard_t_le_eabi_balanced.a)
  100008d4-100008d7  SystemCoreClock                     4   4  Init  RW  system_stm32l4xx.o
  100008d8-100008db  SPIptr                              4   4  Init  RW  STM32L432KC_DMA.o
  100008dc-100008df  ADCptr                              4   4  Init  RW  STM32L432KC_DMA.o
  100008e0-2000b7ff  ( UNUSED .=.+268480288 )   268 480 288
                                                             -  ----  -   -
  2000b800-2000bfff  [.bss.block.stack]              2 048   8  None  ZI  [ Linker created ]


***********************************************************************************************
***                                                                                         ***
***                                       SYMBOL LIST                                       ***
***                                                                                         ***
***********************************************************************************************

Function symbols by name:

  Symbol name                   Address        Size  Align  Type  Bd  Object File
  -------------------------  ----------  ----------  -----  ----  --  -----------
  ADC1_IRQHandler            0x08000C77                  2  Code  Wk  stm32l432xx_Vectors.o
  BusFault_Handler           0x08000C49                  2  Code  Wk  stm32l432xx_Vectors.o
  CAN1_RX0_IRQHandler        0x08000C7B                  2  Code  Wk  stm32l432xx_Vectors.o
  CAN1_RX1_IRQHandler        0x08000C7D                  2  Code  Wk  stm32l432xx_Vectors.o
  CAN1_SCE_IRQHandler        0x08000C7F                  2  Code  Wk  stm32l432xx_Vectors.o
  CAN1_TX_IRQHandler         0x08000C79                  2  Code  Wk  stm32l432xx_Vectors.o
  COMP_IRQHandler            0x08000CAB                  2  Code  Wk  stm32l432xx_Vectors.o
  CRS_IRQHandler             0x08000CC9                  2  Code  Wk  stm32l432xx_Vectors.o
  DMA1_Channel1_IRQHandler   0x08000661         172      4  Code  Gb  STM32L432KC_DMA.o
  DMA1_Channel2_IRQHandler   0x08000C6B                  2  Code  Wk  stm32l432xx_Vectors.o
  DMA1_Channel3_IRQHandler   0x08000C6D                  2  Code  Wk  stm32l432xx_Vectors.o
  DMA1_Channel4_IRQHandler   0x08000C6F                  2  Code  Wk  stm32l432xx_Vectors.o
  DMA1_Channel5_IRQHandler   0x08000C71                  2  Code  Wk  stm32l432xx_Vectors.o
  DMA1_Channel6_IRQHandler   0x08000C73                  2  Code  Wk  stm32l432xx_Vectors.o
  DMA1_Channel7_IRQHandler   0x08000C75                  2  Code  Wk  stm32l432xx_Vectors.o
  DMA2_Channel1_IRQHandler   0x08000CA1                  2  Code  Wk  stm32l432xx_Vectors.o
  DMA2_Channel2_IRQHandler   0x08000CA3                  2  Code  Wk  stm32l432xx_Vectors.o
  DMA2_Channel3_IRQHandler   0x08000CA5                  2  Code  Wk  stm32l432xx_Vectors.o
  DMA2_Channel4_IRQHandler   0x08000CA7                  2  Code  Wk  stm32l432xx_Vectors.o
  DMA2_Channel5_IRQHandler   0x08000CA9                  2  Code  Wk  stm32l432xx_Vectors.o
  DMA2_Channel6_IRQHandler   0x08000CB3                  2  Code  Wk  stm32l432xx_Vectors.o
  DMA2_Channel7_IRQHandler   0x08000CB5                  2  Code  Wk  stm32l432xx_Vectors.o
  DebugMon_Handler           0x08000C4F                  2  Code  Wk  stm32l432xx_Vectors.o
  EXTI0_IRQHandler           0x08000C61                  2  Code  Wk  stm32l432xx_Vectors.o
  EXTI15_10_IRQHandler       0x08000C97                  2  Code  Wk  stm32l432xx_Vectors.o
  EXTI1_IRQHandler           0x08000C63                  2  Code  Wk  stm32l432xx_Vectors.o
  EXTI2_IRQHandler           0x08000C65                  2  Code  Wk  stm32l432xx_Vectors.o
  EXTI3_IRQHandler           0x08000C67                  2  Code  Wk  stm32l432xx_Vectors.o
  EXTI4_IRQHandler           0x08000C69                  2  Code  Wk  stm32l432xx_Vectors.o
  EXTI9_5_IRQHandler         0x08000C81                  2  Code  Wk  stm32l432xx_Vectors.o
  FLASH_IRQHandler           0x08000C5D                  2  Code  Wk  stm32l432xx_Vectors.o
  FPU_IRQHandler             0x08000CC7                  2  Code  Wk  stm32l432xx_Vectors.o
  HardFault_Handler          0x08000B59                  4  Code  Wk  STM32L4xx_Startup.o
  I2C1_ER_IRQHandler         0x08000C8F                  2  Code  Wk  stm32l432xx_Vectors.o
  I2C1_EV_IRQHandler         0x08000C8D                  2  Code  Wk  stm32l432xx_Vectors.o
  I2C3_ER_IRQHandler         0x08000CBD                  2  Code  Wk  stm32l432xx_Vectors.o
  I2C3_EV_IRQHandler         0x08000CBB                  2  Code  Wk  stm32l432xx_Vectors.o
  LPTIM1_IRQHandler          0x08000CAD                  2  Code  Wk  stm32l432xx_Vectors.o
  LPTIM2_IRQHandler          0x08000CAF                  2  Code  Wk  stm32l432xx_Vectors.o
  LPUART1_IRQHandler         0x08000CB7                  2  Code  Wk  stm32l432xx_Vectors.o
  MemManage_Handler          0x08000C47                  2  Code  Wk  stm32l432xx_Vectors.o
  NMI_Handler                0x08000C45                  2  Code  Wk  stm32l432xx_Vectors.o
  PVD_PVM_IRQHandler         0x08000C57                  2  Code  Wk  stm32l432xx_Vectors.o
  PendSV_Handler             0x08000C51                  2  Code  Wk  stm32l432xx_Vectors.o
  QUADSPI_IRQHandler         0x08000CB9                  2  Code  Wk  stm32l432xx_Vectors.o
  RCC_IRQHandler             0x08000C5F                  2  Code  Wk  stm32l432xx_Vectors.o
  RNG_IRQHandler             0x08000CC5                  2  Code  Wk  stm32l432xx_Vectors.o
  RTC_Alarm_IRQHandler       0x08000C99                  2  Code  Wk  stm32l432xx_Vectors.o
  RTC_WKUP_IRQHandler        0x08000C5B                  2  Code  Wk  stm32l432xx_Vectors.o
  Reset_Handler              0x08000F27                  2  Code  Gb  STM32L4xx_Startup.o
  SAI1_IRQHandler            0x08000CBF                  2  Code  Wk  stm32l432xx_Vectors.o
  SEGGER_RTT_Write           0x08000E8D          54      2  Code  Gb  SEGGER_RTT.o (prinops_rtt_v7em_fpv4_sp_d16_hard_t_le_eabi_balanced.a)
  SEGGER_RTT_WriteNoLock     0x08000E33          90      2  Code  Gb  SEGGER_RTT.o (prinops_rtt_v7em_fpv4_sp_d16_hard_t_le_eabi_balanced.a)
  SPI1_IRQHandler            0x08000C91                  2  Code  Wk  stm32l432xx_Vectors.o
  SPI3_IRQHandler            0x08000C9B                  2  Code  Wk  stm32l432xx_Vectors.o
  SVC_Handler                0x08000C4D                  2  Code  Wk  stm32l432xx_Vectors.o
  SWPMI1_IRQHandler          0x08000CC1                  2  Code  Wk  stm32l432xx_Vectors.o
  SysTick_Handler            0x08000C53                  2  Code  Wk  stm32l432xx_Vectors.o
  SystemCoreClockUpdate      0x08000225         340      4  Code  Gb  system_stm32l4xx.o
  SystemInit                 0x080001CD          88      4  Code  Gb  system_stm32l4xx.o
  TAMP_STAMP_IRQHandler      0x08000C59                  2  Code  Wk  stm32l432xx_Vectors.o
  TIM1_BRK_TIM15_IRQHandler  0x08000C83                  2  Code  Wk  stm32l432xx_Vectors.o
  TIM1_CC_IRQHandler         0x08000C89                  2  Code  Wk  stm32l432xx_Vectors.o
  TIM1_TRG_COM_IRQHandler    0x08000C87                  2  Code  Wk  stm32l432xx_Vectors.o
  TIM1_UP_TIM16_IRQHandler   0x08000C85                  2  Code  Wk  stm32l432xx_Vectors.o
  TIM2_IRQHandler            0x08000C8B                  2  Code  Wk  stm32l432xx_Vectors.o
  TIM6_DAC_IRQHandler        0x08000C9D                  2  Code  Wk  stm32l432xx_Vectors.o
  TIM7_IRQHandler            0x08000C9F                  2  Code  Wk  stm32l432xx_Vectors.o
  TSC_IRQHandler             0x08000CC3                  2  Code  Wk  stm32l432xx_Vectors.o
  USART1_IRQHandler          0x08000C93                  2  Code  Wk  stm32l432xx_Vectors.o
  USART2_IRQHandler          0x08000C95                  2  Code  Wk  stm32l432xx_Vectors.o
  USB_IRQHandler             0x08000CB1                  2  Code  Wk  stm32l432xx_Vectors.o
  UsageFault_Handler         0x08000C4B                  2  Code  Wk  stm32l432xx_Vectors.o
  WWDG_IRQHandler            0x08000C55                  2  Code  Wk  stm32l432xx_Vectors.o
  _DoInit                    0x08000D61         102      2  Code  Lc  SEGGER_RTT.o (prinops_rtt_v7em_fpv4_sp_d16_hard_t_le_eabi_balanced.a)
  _GetAvailWriteSpace        0x08000DC7          22      2  Code  Lc  SEGGER_RTT.o (prinops_rtt_v7em_fpv4_sp_d16_hard_t_le_eabi_balanced.a)
  _WriteBlocking             0x08000DDD          86      2  Code  Lc  SEGGER_RTT.o (prinops_rtt_v7em_fpv4_sp_d16_hard_t_le_eabi_balanced.a)
  _WriteNoCheck              0x08000F77          68      2  Code  Lc  SEGGER_RTT.o (prinops_rtt_v7em_fpv4_sp_d16_hard_t_le_eabi_balanced.a)
  __SEGGER_RTL_X_file_stat   0x08000F3F          56      2  Code  Gb  prinops_rtt.o (prinops_rtt_v7em_fpv4_sp_d16_hard_t_le_eabi_balanced.a)
  __SEGGER_RTL_X_file_write  0x08000D5B           6      2  Code  Gb  prinops_rtt.o (prinops_rtt_v7em_fpv4_sp_d16_hard_t_le_eabi_balanced.a)
  __SEGGER_init_copy         0x0800105F          20      2  Code  Wk  SEGGER_crtinit.o (SEGGER_crtinit_v7em_fpv4_sp_d16_hard_t_le_eabi_balanced.a)
  __SEGGER_init_ctors        0x08000FED          26      4  Code  Wk  SEGGER_crtinit.o (SEGGER_crtinit_v7em_fpv4_sp_d16_hard_t_le_eabi_balanced.a)
  __SEGGER_init_done         0x08000B4F                  4  Code  Gb  SEGGER_THUMB_Startup.o
  __SEGGER_init_zero         0x0800104D          18      2  Code  Wk  SEGGER_crtinit.o (SEGGER_crtinit_v7em_fpv4_sp_d16_hard_t_le_eabi_balanced.a)
  __aeabi_memcpy             0x08000B81                  4  Code  Wk  strasmops_arm.o (strops_unaligned_v7em_fpv4_sp_d16_hard_t_le_eabi_balanced.a)
  __aeabi_memcpy4            0x08000B9F                  4  Code  Wk  strasmops_arm.o (strops_unaligned_v7em_fpv4_sp_d16_hard_t_le_eabi_balanced.a)
  __aeabi_memcpy8            0x08000B9F                  4  Code  Wk  strasmops_arm.o (strops_unaligned_v7em_fpv4_sp_d16_hard_t_le_eabi_balanced.a)
  __startup_complete         0x08000B4F                  4  Code  Gb  SEGGER_THUMB_Startup.o
  _start                     0x08000B45          14      4  Code  Gb  SEGGER_THUMB_Startup.o
  configureClock             0x08000905          44      4  Code  Gb  STM32L432KC_RCC.o
  configureFlash             0x0800070D          32      4  Code  Gb  STM32L432KC_FLASH.o
  configurePLL               0x08000891         116      4  Code  Gb  STM32L432KC_RCC.o
  delay                      0x08000AE1         100      4  Code  Gb  STM32L432KC_TIM6.o
  digitalWrite               0x08000ED3          84      2  Code  Gb  STM32L432KC_GPIO.o
  exit                       0x08000B53           2      4  Code  Gb  SEGGER_THUMB_Startup.o
  fputc                      0x08000CD9          34      2  Code  Wk  fileops.o (libc_v7em_fpv4_sp_d16_hard_t_le_eabi_balanced.a)
  fwrite                     0x08000D2D          46      2  Code  Wk  fileops.o (libc_v7em_fpv4_sp_d16_hard_t_le_eabi_balanced.a)
  gpioEnable                 0x0800072D          84      4  Code  Gb  STM32L432KC_GPIO.o
  gpioPinOffset              0x08000EC3          16      2  Code  Gb  STM32L432KC_GPIO.o
  gpioPinToBase              0x08000C27          30      2  Code  Gb  STM32L432KC_GPIO.o
  gpioPinToPort              0x08000BFB          14      2  Code  Gb  STM32L432KC_GPIO.o
  gpioPortToBase             0x08000781          72      4  Code  Gb  STM32L432KC_GPIO.o
  initADC                    0x0800046D         312      4  Code  Gb  STM32L432KC_ADC.o
  initADC_DMA                0x080005A5         188      4  Code  Gb  STM32L432KC_DMA.o
  initSPI                    0x08000931         288      4  Code  Gb  STM32L432KC_SPI.o
  initTIM6                   0x08000A91          80      4  Code  Gb  STM32L432KC_TIM6.o
  main                       0x08000379         244      4  Code  Gb  main.o
  memcpy                     0x08000B81          92      4  Code  Wk  strasmops_arm.o (strops_unaligned_v7em_fpv4_sp_d16_hard_t_le_eabi_balanced.a)
  pinMode                    0x080007C9         198      4  Code  Gb  STM32L432KC_GPIO.o
  putchar                    0x08000CCB          14      2  Code  Wk  fileops.o (libc_v7em_fpv4_sp_d16_hard_t_le_eabi_balanced.a)
  puts                       0x08000CFB          50      2  Code  Wk  fileops.o (libc_v7em_fpv4_sp_d16_hard_t_le_eabi_balanced.a)
  reset_handler              0x08000F27                  2  Code  Gb  STM32L4xx_Startup.o
  spiSendReceive             0x08000A51          64      4  Code  Gb  STM32L432KC_SPI.o
  strlen                     0x08000FBB          44      2  Code  Wk  strops.o (strops_unaligned_v7em_fpv4_sp_d16_hard_t_le_eabi_balanced.a)

Function symbols by address:

     Address  Symbol name                      Size  Align  Type  Bd  Object File
  ----------  -------------------------  ----------  -----  ----  --  -----------
  0x080001CD  SystemInit                         88      4  Code  Gb  system_stm32l4xx.o
  0x08000225  SystemCoreClockUpdate             340      4  Code  Gb  system_stm32l4xx.o
  0x08000379  main                              244      4  Code  Gb  main.o
  0x0800046D  initADC                           312      4  Code  Gb  STM32L432KC_ADC.o
  0x080005A5  initADC_DMA                       188      4  Code  Gb  STM32L432KC_DMA.o
  0x08000661  DMA1_Channel1_IRQHandler          172      4  Code  Gb  STM32L432KC_DMA.o
  0x0800070D  configureFlash                     32      4  Code  Gb  STM32L432KC_FLASH.o
  0x0800072D  gpioEnable                         84      4  Code  Gb  STM32L432KC_GPIO.o
  0x08000781  gpioPortToBase                     72      4  Code  Gb  STM32L432KC_GPIO.o
  0x080007C9  pinMode                           198      4  Code  Gb  STM32L432KC_GPIO.o
  0x08000891  configurePLL                      116      4  Code  Gb  STM32L432KC_RCC.o
  0x08000905  configureClock                     44      4  Code  Gb  STM32L432KC_RCC.o
  0x08000931  initSPI                           288      4  Code  Gb  STM32L432KC_SPI.o
  0x08000A51  spiSendReceive                     64      4  Code  Gb  STM32L432KC_SPI.o
  0x08000A91  initTIM6                           80      4  Code  Gb  STM32L432KC_TIM6.o
  0x08000AE1  delay                             100      4  Code  Gb  STM32L432KC_TIM6.o
  0x08000B45  _start                             14      4  Code  Gb  SEGGER_THUMB_Startup.o
  0x08000B4F  __startup_complete                         4  Code  Gb  SEGGER_THUMB_Startup.o
  0x08000B4F  __SEGGER_init_done                         4  Code  Gb  SEGGER_THUMB_Startup.o
  0x08000B53  exit                                2      4  Code  Gb  SEGGER_THUMB_Startup.o
  0x08000B59  HardFault_Handler                          4  Code  Wk  STM32L4xx_Startup.o
  0x08000B81  memcpy                             92      4  Code  Wk  strasmops_arm.o (strops_unaligned_v7em_fpv4_sp_d16_hard_t_le_eabi_balanced.a)
  0x08000B81  __aeabi_memcpy                             4  Code  Wk  strasmops_arm.o (strops_unaligned_v7em_fpv4_sp_d16_hard_t_le_eabi_balanced.a)
  0x08000B9F  __aeabi_memcpy8                            4  Code  Wk  strasmops_arm.o (strops_unaligned_v7em_fpv4_sp_d16_hard_t_le_eabi_balanced.a)
  0x08000B9F  __aeabi_memcpy4                            4  Code  Wk  strasmops_arm.o (strops_unaligned_v7em_fpv4_sp_d16_hard_t_le_eabi_balanced.a)
  0x08000BFB  gpioPinToPort                      14      2  Code  Gb  STM32L432KC_GPIO.o
  0x08000C27  gpioPinToBase                      30      2  Code  Gb  STM32L432KC_GPIO.o
  0x08000C45  NMI_Handler                                2  Code  Wk  stm32l432xx_Vectors.o
  0x08000C47  MemManage_Handler                          2  Code  Wk  stm32l432xx_Vectors.o
  0x08000C49  BusFault_Handler                           2  Code  Wk  stm32l432xx_Vectors.o
  0x08000C4B  UsageFault_Handler                         2  Code  Wk  stm32l432xx_Vectors.o
  0x08000C4D  SVC_Handler                                2  Code  Wk  stm32l432xx_Vectors.o
  0x08000C4F  DebugMon_Handler                           2  Code  Wk  stm32l432xx_Vectors.o
  0x08000C51  PendSV_Handler                             2  Code  Wk  stm32l432xx_Vectors.o
  0x08000C53  SysTick_Handler                            2  Code  Wk  stm32l432xx_Vectors.o
  0x08000C55  WWDG_IRQHandler                            2  Code  Wk  stm32l432xx_Vectors.o
  0x08000C57  PVD_PVM_IRQHandler                         2  Code  Wk  stm32l432xx_Vectors.o
  0x08000C59  TAMP_STAMP_IRQHandler                      2  Code  Wk  stm32l432xx_Vectors.o
  0x08000C5B  RTC_WKUP_IRQHandler                        2  Code  Wk  stm32l432xx_Vectors.o
  0x08000C5D  FLASH_IRQHandler                           2  Code  Wk  stm32l432xx_Vectors.o
  0x08000C5F  RCC_IRQHandler                             2  Code  Wk  stm32l432xx_Vectors.o
  0x08000C61  EXTI0_IRQHandler                           2  Code  Wk  stm32l432xx_Vectors.o
  0x08000C63  EXTI1_IRQHandler                           2  Code  Wk  stm32l432xx_Vectors.o
  0x08000C65  EXTI2_IRQHandler                           2  Code  Wk  stm32l432xx_Vectors.o
  0x08000C67  EXTI3_IRQHandler                           2  Code  Wk  stm32l432xx_Vectors.o
  0x08000C69  EXTI4_IRQHandler                           2  Code  Wk  stm32l432xx_Vectors.o
  0x08000C6B  DMA1_Channel2_IRQHandler                   2  Code  Wk  stm32l432xx_Vectors.o
  0x08000C6D  DMA1_Channel3_IRQHandler                   2  Code  Wk  stm32l432xx_Vectors.o
  0x08000C6F  DMA1_Channel4_IRQHandler                   2  Code  Wk  stm32l432xx_Vectors.o
  0x08000C71  DMA1_Channel5_IRQHandler                   2  Code  Wk  stm32l432xx_Vectors.o
  0x08000C73  DMA1_Channel6_IRQHandler                   2  Code  Wk  stm32l432xx_Vectors.o
  0x08000C75  DMA1_Channel7_IRQHandler                   2  Code  Wk  stm32l432xx_Vectors.o
  0x08000C77  ADC1_IRQHandler                            2  Code  Wk  stm32l432xx_Vectors.o
  0x08000C79  CAN1_TX_IRQHandler                         2  Code  Wk  stm32l432xx_Vectors.o
  0x08000C7B  CAN1_RX0_IRQHandler                        2  Code  Wk  stm32l432xx_Vectors.o
  0x08000C7D  CAN1_RX1_IRQHandler                        2  Code  Wk  stm32l432xx_Vectors.o
  0x08000C7F  CAN1_SCE_IRQHandler                        2  Code  Wk  stm32l432xx_Vectors.o
  0x08000C81  EXTI9_5_IRQHandler                         2  Code  Wk  stm32l432xx_Vectors.o
  0x08000C83  TIM1_BRK_TIM15_IRQHandler                  2  Code  Wk  stm32l432xx_Vectors.o
  0x08000C85  TIM1_UP_TIM16_IRQHandler                   2  Code  Wk  stm32l432xx_Vectors.o
  0x08000C87  TIM1_TRG_COM_IRQHandler                    2  Code  Wk  stm32l432xx_Vectors.o
  0x08000C89  TIM1_CC_IRQHandler                         2  Code  Wk  stm32l432xx_Vectors.o
  0x08000C8B  TIM2_IRQHandler                            2  Code  Wk  stm32l432xx_Vectors.o
  0x08000C8D  I2C1_EV_IRQHandler                         2  Code  Wk  stm32l432xx_Vectors.o
  0x08000C8F  I2C1_ER_IRQHandler                         2  Code  Wk  stm32l432xx_Vectors.o
  0x08000C91  SPI1_IRQHandler                            2  Code  Wk  stm32l432xx_Vectors.o
  0x08000C93  USART1_IRQHandler                          2  Code  Wk  stm32l432xx_Vectors.o
  0x08000C95  USART2_IRQHandler                          2  Code  Wk  stm32l432xx_Vectors.o
  0x08000C97  EXTI15_10_IRQHandler                       2  Code  Wk  stm32l432xx_Vectors.o
  0x08000C99  RTC_Alarm_IRQHandler                       2  Code  Wk  stm32l432xx_Vectors.o
  0x08000C9B  SPI3_IRQHandler                            2  Code  Wk  stm32l432xx_Vectors.o
  0x08000C9D  TIM6_DAC_IRQHandler                        2  Code  Wk  stm32l432xx_Vectors.o
  0x08000C9F  TIM7_IRQHandler                            2  Code  Wk  stm32l432xx_Vectors.o
  0x08000CA1  DMA2_Channel1_IRQHandler                   2  Code  Wk  stm32l432xx_Vectors.o
  0x08000CA3  DMA2_Channel2_IRQHandler                   2  Code  Wk  stm32l432xx_Vectors.o
  0x08000CA5  DMA2_Channel3_IRQHandler                   2  Code  Wk  stm32l432xx_Vectors.o
  0x08000CA7  DMA2_Channel4_IRQHandler                   2  Code  Wk  stm32l432xx_Vectors.o
  0x08000CA9  DMA2_Channel5_IRQHandler                   2  Code  Wk  stm32l432xx_Vectors.o
  0x08000CAB  COMP_IRQHandler                            2  Code  Wk  stm32l432xx_Vectors.o
  0x08000CAD  LPTIM1_IRQHandler                          2  Code  Wk  stm32l432xx_Vectors.o
  0x08000CAF  LPTIM2_IRQHandler                          2  Code  Wk  stm32l432xx_Vectors.o
  0x08000CB1  USB_IRQHandler                             2  Code  Wk  stm32l432xx_Vectors.o
  0x08000CB3  DMA2_Channel6_IRQHandler                   2  Code  Wk  stm32l432xx_Vectors.o
  0x08000CB5  DMA2_Channel7_IRQHandler                   2  Code  Wk  stm32l432xx_Vectors.o
  0x08000CB7  LPUART1_IRQHandler                         2  Code  Wk  stm32l432xx_Vectors.o
  0x08000CB9  QUADSPI_IRQHandler                         2  Code  Wk  stm32l432xx_Vectors.o
  0x08000CBB  I2C3_EV_IRQHandler                         2  Code  Wk  stm32l432xx_Vectors.o
  0x08000CBD  I2C3_ER_IRQHandler                         2  Code  Wk  stm32l432xx_Vectors.o
  0x08000CBF  SAI1_IRQHandler                            2  Code  Wk  stm32l432xx_Vectors.o
  0x08000CC1  SWPMI1_IRQHandler                          2  Code  Wk  stm32l432xx_Vectors.o
  0x08000CC3  TSC_IRQHandler                             2  Code  Wk  stm32l432xx_Vectors.o
  0x08000CC5  RNG_IRQHandler                             2  Code  Wk  stm32l432xx_Vectors.o
  0x08000CC7  FPU_IRQHandler                             2  Code  Wk  stm32l432xx_Vectors.o
  0x08000CC9  CRS_IRQHandler                             2  Code  Wk  stm32l432xx_Vectors.o
  0x08000CCB  putchar                            14      2  Code  Wk  fileops.o (libc_v7em_fpv4_sp_d16_hard_t_le_eabi_balanced.a)
  0x08000CD9  fputc                              34      2  Code  Wk  fileops.o (libc_v7em_fpv4_sp_d16_hard_t_le_eabi_balanced.a)
  0x08000CFB  puts                               50      2  Code  Wk  fileops.o (libc_v7em_fpv4_sp_d16_hard_t_le_eabi_balanced.a)
  0x08000D2D  fwrite                             46      2  Code  Wk  fileops.o (libc_v7em_fpv4_sp_d16_hard_t_le_eabi_balanced.a)
  0x08000D5B  __SEGGER_RTL_X_file_write           6      2  Code  Gb  prinops_rtt.o (prinops_rtt_v7em_fpv4_sp_d16_hard_t_le_eabi_balanced.a)
  0x08000D61  _DoInit                           102      2  Code  Lc  SEGGER_RTT.o (prinops_rtt_v7em_fpv4_sp_d16_hard_t_le_eabi_balanced.a)
  0x08000DC7  _GetAvailWriteSpace                22      2  Code  Lc  SEGGER_RTT.o (prinops_rtt_v7em_fpv4_sp_d16_hard_t_le_eabi_balanced.a)
  0x08000DDD  _WriteBlocking                     86      2  Code  Lc  SEGGER_RTT.o (prinops_rtt_v7em_fpv4_sp_d16_hard_t_le_eabi_balanced.a)
  0x08000E33  SEGGER_RTT_WriteNoLock             90      2  Code  Gb  SEGGER_RTT.o (prinops_rtt_v7em_fpv4_sp_d16_hard_t_le_eabi_balanced.a)
  0x08000E8D  SEGGER_RTT_Write                   54      2  Code  Gb  SEGGER_RTT.o (prinops_rtt_v7em_fpv4_sp_d16_hard_t_le_eabi_balanced.a)
  0x08000EC3  gpioPinOffset                      16      2  Code  Gb  STM32L432KC_GPIO.o
  0x08000ED3  digitalWrite                       84      2  Code  Gb  STM32L432KC_GPIO.o
  0x08000F27  reset_handler                              2  Code  Gb  STM32L4xx_Startup.o
  0x08000F27  Reset_Handler                              2  Code  Gb  STM32L4xx_Startup.o
  0x08000F3F  __SEGGER_RTL_X_file_stat           56      2  Code  Gb  prinops_rtt.o (prinops_rtt_v7em_fpv4_sp_d16_hard_t_le_eabi_balanced.a)
  0x08000F77  _WriteNoCheck                      68      2  Code  Lc  SEGGER_RTT.o (prinops_rtt_v7em_fpv4_sp_d16_hard_t_le_eabi_balanced.a)
  0x08000FBB  strlen                             44      2  Code  Wk  strops.o (strops_unaligned_v7em_fpv4_sp_d16_hard_t_le_eabi_balanced.a)
  0x08000FED  __SEGGER_init_ctors                26      4  Code  Wk  SEGGER_crtinit.o (SEGGER_crtinit_v7em_fpv4_sp_d16_hard_t_le_eabi_balanced.a)
  0x0800104D  __SEGGER_init_zero                 18      2  Code  Wk  SEGGER_crtinit.o (SEGGER_crtinit_v7em_fpv4_sp_d16_hard_t_le_eabi_balanced.a)
  0x0800105F  __SEGGER_init_copy                 20      2  Code  Wk  SEGGER_crtinit.o (SEGGER_crtinit_v7em_fpv4_sp_d16_hard_t_le_eabi_balanced.a)

Function symbols by descending size:

  Symbol name                      Size  Align  Type  Bd  Object File
  -------------------------  ----------  -----  ----  --  -----------
  SystemCoreClockUpdate             340      4  Code  Gb  system_stm32l4xx.o
  initADC                           312      4  Code  Gb  STM32L432KC_ADC.o
  initSPI                           288      4  Code  Gb  STM32L432KC_SPI.o
  main                              244      4  Code  Gb  main.o
  pinMode                           198      4  Code  Gb  STM32L432KC_GPIO.o
  initADC_DMA                       188      4  Code  Gb  STM32L432KC_DMA.o
  DMA1_Channel1_IRQHandler          172      4  Code  Gb  STM32L432KC_DMA.o
  configurePLL                      116      4  Code  Gb  STM32L432KC_RCC.o
  _DoInit                           102      2  Code  Lc  SEGGER_RTT.o (prinops_rtt_v7em_fpv4_sp_d16_hard_t_le_eabi_balanced.a)
  delay                             100      4  Code  Gb  STM32L432KC_TIM6.o
  memcpy                             92      4  Code  Wk  strasmops_arm.o (strops_unaligned_v7em_fpv4_sp_d16_hard_t_le_eabi_balanced.a)
  SEGGER_RTT_WriteNoLock             90      2  Code  Gb  SEGGER_RTT.o (prinops_rtt_v7em_fpv4_sp_d16_hard_t_le_eabi_balanced.a)
  SystemInit                         88      4  Code  Gb  system_stm32l4xx.o
  _WriteBlocking                     86      2  Code  Lc  SEGGER_RTT.o (prinops_rtt_v7em_fpv4_sp_d16_hard_t_le_eabi_balanced.a)
  digitalWrite                       84      2  Code  Gb  STM32L432KC_GPIO.o
  gpioEnable                         84      4  Code  Gb  STM32L432KC_GPIO.o
  initTIM6                           80      4  Code  Gb  STM32L432KC_TIM6.o
  gpioPortToBase                     72      4  Code  Gb  STM32L432KC_GPIO.o
  _WriteNoCheck                      68      2  Code  Lc  SEGGER_RTT.o (prinops_rtt_v7em_fpv4_sp_d16_hard_t_le_eabi_balanced.a)
  spiSendReceive                     64      4  Code  Gb  STM32L432KC_SPI.o
  __SEGGER_RTL_X_file_stat           56      2  Code  Gb  prinops_rtt.o (prinops_rtt_v7em_fpv4_sp_d16_hard_t_le_eabi_balanced.a)
  SEGGER_RTT_Write                   54      2  Code  Gb  SEGGER_RTT.o (prinops_rtt_v7em_fpv4_sp_d16_hard_t_le_eabi_balanced.a)
  puts                               50      2  Code  Wk  fileops.o (libc_v7em_fpv4_sp_d16_hard_t_le_eabi_balanced.a)
  fwrite                             46      2  Code  Wk  fileops.o (libc_v7em_fpv4_sp_d16_hard_t_le_eabi_balanced.a)
  configureClock                     44      4  Code  Gb  STM32L432KC_RCC.o
  strlen                             44      2  Code  Wk  strops.o (strops_unaligned_v7em_fpv4_sp_d16_hard_t_le_eabi_balanced.a)
  fputc                              34      2  Code  Wk  fileops.o (libc_v7em_fpv4_sp_d16_hard_t_le_eabi_balanced.a)
  configureFlash                     32      4  Code  Gb  STM32L432KC_FLASH.o
  gpioPinToBase                      30      2  Code  Gb  STM32L432KC_GPIO.o
  __SEGGER_init_ctors                26      4  Code  Wk  SEGGER_crtinit.o (SEGGER_crtinit_v7em_fpv4_sp_d16_hard_t_le_eabi_balanced.a)
  _GetAvailWriteSpace                22      2  Code  Lc  SEGGER_RTT.o (prinops_rtt_v7em_fpv4_sp_d16_hard_t_le_eabi_balanced.a)
  __SEGGER_init_copy                 20      2  Code  Wk  SEGGER_crtinit.o (SEGGER_crtinit_v7em_fpv4_sp_d16_hard_t_le_eabi_balanced.a)
  __SEGGER_init_zero                 18      2  Code  Wk  SEGGER_crtinit.o (SEGGER_crtinit_v7em_fpv4_sp_d16_hard_t_le_eabi_balanced.a)
  gpioPinOffset                      16      2  Code  Gb  STM32L432KC_GPIO.o
  _start                             14      4  Code  Gb  SEGGER_THUMB_Startup.o
  gpioPinToPort                      14      2  Code  Gb  STM32L432KC_GPIO.o
  putchar                            14      2  Code  Wk  fileops.o (libc_v7em_fpv4_sp_d16_hard_t_le_eabi_balanced.a)
  __SEGGER_RTL_X_file_write           6      2  Code  Gb  prinops_rtt.o (prinops_rtt_v7em_fpv4_sp_d16_hard_t_le_eabi_balanced.a)
  exit                                2      4  Code  Gb  SEGGER_THUMB_Startup.o
  ADC1_IRQHandler                            2  Code  Wk  stm32l432xx_Vectors.o
  BusFault_Handler                           2  Code  Wk  stm32l432xx_Vectors.o
  CAN1_RX0_IRQHandler                        2  Code  Wk  stm32l432xx_Vectors.o
  CAN1_RX1_IRQHandler                        2  Code  Wk  stm32l432xx_Vectors.o
  CAN1_SCE_IRQHandler                        2  Code  Wk  stm32l432xx_Vectors.o
  CAN1_TX_IRQHandler                         2  Code  Wk  stm32l432xx_Vectors.o
  COMP_IRQHandler                            2  Code  Wk  stm32l432xx_Vectors.o
  CRS_IRQHandler                             2  Code  Wk  stm32l432xx_Vectors.o
  DMA1_Channel2_IRQHandler                   2  Code  Wk  stm32l432xx_Vectors.o
  DMA1_Channel3_IRQHandler                   2  Code  Wk  stm32l432xx_Vectors.o
  DMA1_Channel4_IRQHandler                   2  Code  Wk  stm32l432xx_Vectors.o
  DMA1_Channel5_IRQHandler                   2  Code  Wk  stm32l432xx_Vectors.o
  DMA1_Channel6_IRQHandler                   2  Code  Wk  stm32l432xx_Vectors.o
  DMA1_Channel7_IRQHandler                   2  Code  Wk  stm32l432xx_Vectors.o
  DMA2_Channel1_IRQHandler                   2  Code  Wk  stm32l432xx_Vectors.o
  DMA2_Channel2_IRQHandler                   2  Code  Wk  stm32l432xx_Vectors.o
  DMA2_Channel3_IRQHandler                   2  Code  Wk  stm32l432xx_Vectors.o
  DMA2_Channel4_IRQHandler                   2  Code  Wk  stm32l432xx_Vectors.o
  DMA2_Channel5_IRQHandler                   2  Code  Wk  stm32l432xx_Vectors.o
  DMA2_Channel6_IRQHandler                   2  Code  Wk  stm32l432xx_Vectors.o
  DMA2_Channel7_IRQHandler                   2  Code  Wk  stm32l432xx_Vectors.o
  DebugMon_Handler                           2  Code  Wk  stm32l432xx_Vectors.o
  EXTI0_IRQHandler                           2  Code  Wk  stm32l432xx_Vectors.o
  EXTI15_10_IRQHandler                       2  Code  Wk  stm32l432xx_Vectors.o
  EXTI1_IRQHandler                           2  Code  Wk  stm32l432xx_Vectors.o
  EXTI2_IRQHandler                           2  Code  Wk  stm32l432xx_Vectors.o
  EXTI3_IRQHandler                           2  Code  Wk  stm32l432xx_Vectors.o
  EXTI4_IRQHandler                           2  Code  Wk  stm32l432xx_Vectors.o
  EXTI9_5_IRQHandler                         2  Code  Wk  stm32l432xx_Vectors.o
  FLASH_IRQHandler                           2  Code  Wk  stm32l432xx_Vectors.o
  FPU_IRQHandler                             2  Code  Wk  stm32l432xx_Vectors.o
  HardFault_Handler                          4  Code  Wk  STM32L4xx_Startup.o
  I2C1_ER_IRQHandler                         2  Code  Wk  stm32l432xx_Vectors.o
  I2C1_EV_IRQHandler                         2  Code  Wk  stm32l432xx_Vectors.o
  I2C3_ER_IRQHandler                         2  Code  Wk  stm32l432xx_Vectors.o
  I2C3_EV_IRQHandler                         2  Code  Wk  stm32l432xx_Vectors.o
  LPTIM1_IRQHandler                          2  Code  Wk  stm32l432xx_Vectors.o
  LPTIM2_IRQHandler                          2  Code  Wk  stm32l432xx_Vectors.o
  LPUART1_IRQHandler                         2  Code  Wk  stm32l432xx_Vectors.o
  MemManage_Handler                          2  Code  Wk  stm32l432xx_Vectors.o
  NMI_Handler                                2  Code  Wk  stm32l432xx_Vectors.o
  PVD_PVM_IRQHandler                         2  Code  Wk  stm32l432xx_Vectors.o
  PendSV_Handler                             2  Code  Wk  stm32l432xx_Vectors.o
  QUADSPI_IRQHandler                         2  Code  Wk  stm32l432xx_Vectors.o
  RCC_IRQHandler                             2  Code  Wk  stm32l432xx_Vectors.o
  RNG_IRQHandler                             2  Code  Wk  stm32l432xx_Vectors.o
  RTC_Alarm_IRQHandler                       2  Code  Wk  stm32l432xx_Vectors.o
  RTC_WKUP_IRQHandler                        2  Code  Wk  stm32l432xx_Vectors.o
  Reset_Handler                              2  Code  Gb  STM32L4xx_Startup.o
  SAI1_IRQHandler                            2  Code  Wk  stm32l432xx_Vectors.o
  SPI1_IRQHandler                            2  Code  Wk  stm32l432xx_Vectors.o
  SPI3_IRQHandler                            2  Code  Wk  stm32l432xx_Vectors.o
  SVC_Handler                                2  Code  Wk  stm32l432xx_Vectors.o
  SWPMI1_IRQHandler                          2  Code  Wk  stm32l432xx_Vectors.o
  SysTick_Handler                            2  Code  Wk  stm32l432xx_Vectors.o
  TAMP_STAMP_IRQHandler                      2  Code  Wk  stm32l432xx_Vectors.o
  TIM1_BRK_TIM15_IRQHandler                  2  Code  Wk  stm32l432xx_Vectors.o
  TIM1_CC_IRQHandler                         2  Code  Wk  stm32l432xx_Vectors.o
  TIM1_TRG_COM_IRQHandler                    2  Code  Wk  stm32l432xx_Vectors.o
  TIM1_UP_TIM16_IRQHandler                   2  Code  Wk  stm32l432xx_Vectors.o
  TIM2_IRQHandler                            2  Code  Wk  stm32l432xx_Vectors.o
  TIM6_DAC_IRQHandler                        2  Code  Wk  stm32l432xx_Vectors.o
  TIM7_IRQHandler                            2  Code  Wk  stm32l432xx_Vectors.o
  TSC_IRQHandler                             2  Code  Wk  stm32l432xx_Vectors.o
  USART1_IRQHandler                          2  Code  Wk  stm32l432xx_Vectors.o
  USART2_IRQHandler                          2  Code  Wk  stm32l432xx_Vectors.o
  USB_IRQHandler                             2  Code  Wk  stm32l432xx_Vectors.o
  UsageFault_Handler                         2  Code  Wk  stm32l432xx_Vectors.o
  WWDG_IRQHandler                            2  Code  Wk  stm32l432xx_Vectors.o
  __SEGGER_init_done                         4  Code  Gb  SEGGER_THUMB_Startup.o
  __aeabi_memcpy                             4  Code  Wk  strasmops_arm.o (strops_unaligned_v7em_fpv4_sp_d16_hard_t_le_eabi_balanced.a)
  __aeabi_memcpy4                            4  Code  Wk  strasmops_arm.o (strops_unaligned_v7em_fpv4_sp_d16_hard_t_le_eabi_balanced.a)
  __aeabi_memcpy8                            4  Code  Wk  strasmops_arm.o (strops_unaligned_v7em_fpv4_sp_d16_hard_t_le_eabi_balanced.a)
  __startup_complete                         4  Code  Gb  SEGGER_THUMB_Startup.o
  reset_handler                              2  Code  Gb  STM32L4xx_Startup.o

Read-write data symbols by name:

  Symbol name                   Address        Size  Align  Type  Bd  Object File
  -------------------------  ----------  ----------  -----  ----  --  -----------
  ADCptr                     0x100008DC           4      4  Init  Gb  STM32L432KC_DMA.o
  SPIReady                   0x100008C5           1         Zero  Gb  STM32L432KC_DMA.o
  SPIptr                     0x100008D8           4      4  Init  Gb  STM32L432KC_DMA.o
  SystemCoreClock            0x100008D4           4      4  Init  Gb  system_stm32l4xx.o
  _SEGGER_RTT                0x10000400         168      4  Zero  Gb  SEGGER_RTT.o (prinops_rtt_v7em_fpv4_sp_d16_hard_t_le_eabi_balanced.a)
  __SEGGER_RTL_stderr_file   0x100004B0           4      4  Zero  Lc  prinops_rtt.o (prinops_rtt_v7em_fpv4_sp_d16_hard_t_le_eabi_balanced.a)
  __SEGGER_RTL_stdin_file    0x100004AC           4      4  Zero  Lc  prinops_rtt.o (prinops_rtt_v7em_fpv4_sp_d16_hard_t_le_eabi_balanced.a)
  __SEGGER_RTL_stdout_file   0x100004A8           4      4  Zero  Lc  prinops_rtt.o (prinops_rtt_v7em_fpv4_sp_d16_hard_t_le_eabi_balanced.a)
  _acDownBuffer              0x100008B4          16         Zero  Lc  SEGGER_RTT.o (prinops_rtt_v7em_fpv4_sp_d16_hard_t_le_eabi_balanced.a)
  _acUpBuffer                0x100004B4       1 024         Zero  Lc  SEGGER_RTT.o (prinops_rtt_v7em_fpv4_sp_d16_hard_t_le_eabi_balanced.a)
  adcBuf                     0x10000200         512      4  Zero  Gb  STM32L432KC_DMA.o
  sampling                   0x100008C4           1         Zero  Gb  main.o
  spiBuf                     0x10000000         512      4  Zero  Gb  STM32L432KC_DMA.o
  stderr                     0x100008D0           4      4  Init  Gb  prinops_rtt.o (prinops_rtt_v7em_fpv4_sp_d16_hard_t_le_eabi_balanced.a)
  stdin                      0x100008CC           4      4  Init  Gb  prinops_rtt.o (prinops_rtt_v7em_fpv4_sp_d16_hard_t_le_eabi_balanced.a)
  stdout                     0x100008C8           4      4  Init  Gb  prinops_rtt.o (prinops_rtt_v7em_fpv4_sp_d16_hard_t_le_eabi_balanced.a)

Read-write data symbols by address:

     Address  Symbol name                      Size  Align  Type  Bd  Object File
  ----------  -------------------------  ----------  -----  ----  --  -----------
  0x10000000  spiBuf                            512      4  Zero  Gb  STM32L432KC_DMA.o
  0x10000200  adcBuf                            512      4  Zero  Gb  STM32L432KC_DMA.o
  0x10000400  _SEGGER_RTT                       168      4  Zero  Gb  SEGGER_RTT.o (prinops_rtt_v7em_fpv4_sp_d16_hard_t_le_eabi_balanced.a)
  0x100004A8  __SEGGER_RTL_stdout_file            4      4  Zero  Lc  prinops_rtt.o (prinops_rtt_v7em_fpv4_sp_d16_hard_t_le_eabi_balanced.a)
  0x100004AC  __SEGGER_RTL_stdin_file             4      4  Zero  Lc  prinops_rtt.o (prinops_rtt_v7em_fpv4_sp_d16_hard_t_le_eabi_balanced.a)
  0x100004B0  __SEGGER_RTL_stderr_file            4      4  Zero  Lc  prinops_rtt.o (prinops_rtt_v7em_fpv4_sp_d16_hard_t_le_eabi_balanced.a)
  0x100004B4  _acUpBuffer                     1 024         Zero  Lc  SEGGER_RTT.o (prinops_rtt_v7em_fpv4_sp_d16_hard_t_le_eabi_balanced.a)
  0x100008B4  _acDownBuffer                      16         Zero  Lc  SEGGER_RTT.o (prinops_rtt_v7em_fpv4_sp_d16_hard_t_le_eabi_balanced.a)
  0x100008C4  sampling                            1         Zero  Gb  main.o
  0x100008C5  SPIReady                            1         Zero  Gb  STM32L432KC_DMA.o
  0x100008C8  stdout                              4      4  Init  Gb  prinops_rtt.o (prinops_rtt_v7em_fpv4_sp_d16_hard_t_le_eabi_balanced.a)
  0x100008CC  stdin                               4      4  Init  Gb  prinops_rtt.o (prinops_rtt_v7em_fpv4_sp_d16_hard_t_le_eabi_balanced.a)
  0x100008D0  stderr                              4      4  Init  Gb  prinops_rtt.o (prinops_rtt_v7em_fpv4_sp_d16_hard_t_le_eabi_balanced.a)
  0x100008D4  SystemCoreClock                     4      4  Init  Gb  system_stm32l4xx.o
  0x100008D8  SPIptr                              4      4  Init  Gb  STM32L432KC_DMA.o
  0x100008DC  ADCptr                              4      4  Init  Gb  STM32L432KC_DMA.o

Read-write data symbols by descending size:

  Symbol name                      Size  Align  Type  Bd  Object File
  -------------------------  ----------  -----  ----  --  -----------
  _acUpBuffer                     1 024         Zero  Lc  SEGGER_RTT.o (prinops_rtt_v7em_fpv4_sp_d16_hard_t_le_eabi_balanced.a)
  adcBuf                            512      4  Zero  Gb  STM32L432KC_DMA.o
  spiBuf                            512      4  Zero  Gb  STM32L432KC_DMA.o
  _SEGGER_RTT                       168      4  Zero  Gb  SEGGER_RTT.o (prinops_rtt_v7em_fpv4_sp_d16_hard_t_le_eabi_balanced.a)
  _acDownBuffer                      16         Zero  Lc  SEGGER_RTT.o (prinops_rtt_v7em_fpv4_sp_d16_hard_t_le_eabi_balanced.a)
  ADCptr                              4      4  Init  Gb  STM32L432KC_DMA.o
  SPIptr                              4      4  Init  Gb  STM32L432KC_DMA.o
  SystemCoreClock                     4      4  Init  Gb  system_stm32l4xx.o
  __SEGGER_RTL_stderr_file            4      4  Zero  Lc  prinops_rtt.o (prinops_rtt_v7em_fpv4_sp_d16_hard_t_le_eabi_balanced.a)
  __SEGGER_RTL_stdin_file             4      4  Zero  Lc  prinops_rtt.o (prinops_rtt_v7em_fpv4_sp_d16_hard_t_le_eabi_balanced.a)
  __SEGGER_RTL_stdout_file            4      4  Zero  Lc  prinops_rtt.o (prinops_rtt_v7em_fpv4_sp_d16_hard_t_le_eabi_balanced.a)
  stderr                              4      4  Init  Gb  prinops_rtt.o (prinops_rtt_v7em_fpv4_sp_d16_hard_t_le_eabi_balanced.a)
  stdin                               4      4  Init  Gb  prinops_rtt.o (prinops_rtt_v7em_fpv4_sp_d16_hard_t_le_eabi_balanced.a)
  stdout                              4      4  Init  Gb  prinops_rtt.o (prinops_rtt_v7em_fpv4_sp_d16_hard_t_le_eabi_balanced.a)
  SPIReady                            1         Zero  Gb  STM32L432KC_DMA.o
  sampling                            1         Zero  Gb  main.o

Read-only data symbols by name:

  Symbol name                   Address        Size  Align  Type  Bd  Object File
  -------------------------  ----------  ----------  -----  ----  --  -----------
  AHBPrescTable              0x0800018C          16      4  Cnst  Gb  system_stm32l4xx.o
  MSIRangeTable              0x0800019C          48      4  Cnst  Gb  system_stm32l4xx.o
  _DoInit._aInitStr          0x08000BE9          17         Cnst  Lc  SEGGER_RTT.o (prinops_rtt_v7em_fpv4_sp_d16_hard_t_le_eabi_balanced.a)
  __SEGGER_init_data__       0x08001034        [24]      4  Cnst  Lc  [ Linker created ]
  __SEGGER_init_table__      0x08001010        [36]      4  Cnst  Lc  [ Linker created ]

Read-only data symbols by address:

     Address  Symbol name                      Size  Align  Type  Bd  Object File
  ----------  -------------------------  ----------  -----  ----  --  -----------
  0x0800018C  AHBPrescTable                      16      4  Cnst  Gb  system_stm32l4xx.o
  0x0800019C  MSIRangeTable                      48      4  Cnst  Gb  system_stm32l4xx.o
  0x08000BE9  _DoInit._aInitStr                  17         Cnst  Lc  SEGGER_RTT.o (prinops_rtt_v7em_fpv4_sp_d16_hard_t_le_eabi_balanced.a)
  0x08001010  __SEGGER_init_table__            [36]      4  Cnst  Lc  [ Linker created ]
  0x08001034  __SEGGER_init_data__             [24]      4  Cnst  Lc  [ Linker created ]

Untyped symbols by name:

  Symbol name                     Value        Size  Align  Type  Bd  Object File
  -------------------------  ----------  ----------  -----  ----  --  -----------
  __FLASH1_segment_end__     0x08040000                     ----  Gb  [ Linker created ]
  __FLASH1_segment_size__    0x00040000                     ----  Gb  [ Linker created ]
  __FLASH1_segment_start__   0x08000000                     ----  Gb  [ Linker created ]
  __FLASH1_segment_used_end__
                             0x08001072                     ----  Gb  [ Linker created ]
  __FLASH1_segment_used_size__
                             0x00001072                     ----  Gb  [ Linker created ]
  __FLASH1_segment_used_start__
                             0x08000000                     ----  Gb  [ Linker created ]
  __FLASH_segment_end__      0x08040000                     ----  Gb  [ Linker created ]
  __FLASH_segment_size__     0x00040000                     ----  Gb  [ Linker created ]
  __FLASH_segment_start__    0x08000000                     ----  Gb  [ Linker created ]
  __FLASH_segment_used_end__
                             0x08001072                     ----  Gb  [ Linker created ]
  __FLASH_segment_used_size__
                             0x00001072                     ----  Gb  [ Linker created ]
  __FLASH_segment_used_start__
                             0x08000000                     ----  Gb  [ Linker created ]
  __HEAPSIZE__               0x00000400                     ----  Gb  [ Linker created ]
  __RAM1_segment_end__       0x10004000                     ----  Gb  [ Linker created ]
  __RAM1_segment_size__      0x00004000                     ----  Gb  [ Linker created ]
  __RAM1_segment_start__     0x10000000                     ----  Gb  [ Linker created ]
  __RAM1_segment_used_end__  0x100008E0                     ----  Gb  [ Linker created ]
  __RAM1_segment_used_size__
                             0x000008E0                     ----  Gb  [ Linker created ]
  __RAM1_segment_used_start__
                             0x10000000                     ----  Gb  [ Linker created ]
  __RAM2_segment_end__       0x2000C000                     ----  Gb  [ Linker created ]
  __RAM2_segment_size__      0x0000C000                     ----  Gb  [ Linker created ]
  __RAM2_segment_start__     0x20000000                     ----  Gb  [ Linker created ]
  __RAM2_segment_used_end__  0x2000C000                     ----  Gb  [ Linker created ]
  __RAM2_segment_used_size__
                             0x00000800                     ----  Gb  [ Linker created ]
  __RAM2_segment_used_start__
                             0x2000B800                     ----  Gb  [ Linker created ]
  __RAM_segment_end__        0x2000C000                     ----  Gb  [ Linker created ]
  __RAM_segment_size__       0x1000C000                     ----  Gb  [ Linker created ]
  __RAM_segment_start__      0x10000000                     ----  Gb  [ Linker created ]
  __RAM_segment_used_end__   0x2000C000                     ----  Gb  [ Linker created ]
  __RAM_segment_used_size__  0x1000C000                     ----  Gb  [ Linker created ]
  __RAM_segment_used_start__
                             0x10000000                     ----  Gb  [ Linker created ]
  __STACKSIZE_PROCESS__      0x00000000                     ----  Gb  [ Linker created ]
  __STACKSIZE__              0x00000800                     ----  Gb  [ Linker created ]
  __ctors_end__              0x08000FEC                     ----  Gb  [ Linker created ]
  __ctors_start__            0x08000FE8                     ----  Gb  [ Linker created ]
  __stack_end__              0x2000C000                     ----  Gb  [ Linker created ]
  __thread_pointer$          0x00000000                     ----  Gb  [ Linker created ]
  _vectors                   0x08000000       [396]    512  Code  Gb  stm32l432xx_Vectors.o
  _vectors_end               0x0800018C                512  Code  Lc  stm32l432xx_Vectors.o

Untyped symbols by address:

       Value  Symbol name                      Size  Align  Type  Bd  Object File
  ----------  -------------------------  ----------  -----  ----  --  -----------
  0x00000000  __thread_pointer$                             ----  Gb  [ Linker created ]
  0x00000000  __STACKSIZE_PROCESS__                         ----  Gb  [ Linker created ]
  0x00000400  __HEAPSIZE__                                  ----  Gb  [ Linker created ]
  0x00000800  __STACKSIZE__                                 ----  Gb  [ Linker created ]
  0x00000800  __RAM2_segment_used_size__
                                                            ----  Gb  [ Linker created ]
  0x000008E0  __RAM1_segment_used_size__
                                                            ----  Gb  [ Linker created ]
  0x00001072  __FLASH_segment_used_size__
                                                            ----  Gb  [ Linker created ]
  0x00001072  __FLASH1_segment_used_size__
                                                            ----  Gb  [ Linker created ]
  0x00004000  __RAM1_segment_size__                         ----  Gb  [ Linker created ]
  0x0000C000  __RAM2_segment_size__                         ----  Gb  [ Linker created ]
  0x00040000  __FLASH_segment_size__                        ----  Gb  [ Linker created ]
  0x00040000  __FLASH1_segment_size__                       ----  Gb  [ Linker created ]
  0x08000000  _vectors                        [396]    512  Code  Gb  stm32l432xx_Vectors.o
  0x08000000  __FLASH_segment_used_start__
                                                            ----  Gb  [ Linker created ]
  0x08000000  __FLASH_segment_start__                       ----  Gb  [ Linker created ]
  0x08000000  __FLASH1_segment_used_start__
                                                            ----  Gb  [ Linker created ]
  0x08000000  __FLASH1_segment_start__                      ----  Gb  [ Linker created ]
  0x0800018C  _vectors_end                             512  Code  Lc  stm32l432xx_Vectors.o
  0x08000FE8  __ctors_start__                               ----  Gb  [ Linker created ]
  0x08000FEC  __ctors_end__                                 ----  Gb  [ Linker created ]
  0x08001072  __FLASH_segment_used_end__
                                                            ----  Gb  [ Linker created ]
  0x08001072  __FLASH1_segment_used_end__
                                                            ----  Gb  [ Linker created ]
  0x08040000  __FLASH_segment_end__                         ----  Gb  [ Linker created ]
  0x08040000  __FLASH1_segment_end__                        ----  Gb  [ Linker created ]
  0x10000000  __RAM_segment_used_start__
                                                            ----  Gb  [ Linker created ]
  0x10000000  __RAM_segment_start__                         ----  Gb  [ Linker created ]
  0x10000000  __RAM1_segment_used_start__
                                                            ----  Gb  [ Linker created ]
  0x10000000  __RAM1_segment_start__                        ----  Gb  [ Linker created ]
  0x100008E0  __RAM1_segment_used_end__                     ----  Gb  [ Linker created ]
  0x10004000  __RAM1_segment_end__                          ----  Gb  [ Linker created ]
  0x1000C000  __RAM_segment_used_size__                     ----  Gb  [ Linker created ]
  0x1000C000  __RAM_segment_size__                          ----  Gb  [ Linker created ]
  0x20000000  __RAM2_segment_start__                        ----  Gb  [ Linker created ]
  0x2000B800  __RAM2_segment_used_start__
                                                            ----  Gb  [ Linker created ]
  0x2000C000  __stack_end__                                 ----  Gb  [ Linker created ]
  0x2000C000  __RAM_segment_used_end__                      ----  Gb  [ Linker created ]
  0x2000C000  __RAM_segment_end__                           ----  Gb  [ Linker created ]
  0x2000C000  __RAM2_segment_used_end__                     ----  Gb  [ Linker created ]
  0x2000C000  __RAM2_segment_end__                          ----  Gb  [ Linker created ]


***********************************************************************************************
***                                                                                         ***
***                                      LINK SUMMARY                                       ***
***                                                                                         ***
***********************************************************************************************

Memory breakdown:

    4 020 bytes read-only  code    + 
      184 bytes read-only  data    =   4 204 bytes read-only (total)
    4 318 bytes read-write data

Region summary:

  Name        Range                     Size                 Used               Unused       Alignment Loss
  ----------  -----------------  -----------  -------------------  -------------------  -------------------
  FLASH       08000000-0803ffff      262 144        4 208   1.61%      257 936  98.39%            0   0.00%
  RAM1        10000000-10003fff       16 384        2 270  13.85%       14 114  86.15%            0   0.00%
  RAM2        20000000-2000bfff       49 152        2 048   4.17%       47 104  95.83%            0   0.00%

Link complete: 0 errors, 0 warnings, 0 remarks
